******************************************************************************
            TI ARM Clang Linker Unix v3.2.1                    
******************************************************************************
>> Linked Mon May 19 22:45:50 2025

OUTPUT FILE NAME:   <i2c_controller_rw_multibyte_fifo_poll_LP_MSPM0G3507_nortos_ticlang.out>
ENTRY POINT SYMBOL: "_c_int00_noargs"  address: 000006cd


MEMORY CONFIGURATION

         name            origin    length      used     unused   attr    fill
----------------------  --------  ---------  --------  --------  ----  --------
  FLASH                 00000000   00020000  000007d0  0001f830  R  X
  SRAM                  20200000   00008000  00000208  00007df8  RW X
  BCR_CONFIG            41c00000   000000ff  00000000  000000ff  R   
  BSL_CONFIG            41c00100   00000080  00000000  00000080  R   


SEGMENT ALLOCATION MAP

run origin  load origin   length   init length attrs members
----------  ----------- ---------- ----------- ----- -------
00000000    00000000    000007d0   000007d0    r-x
  00000000    00000000    000000c0   000000c0    r-- .intvecs
  000000c0    000000c0    000006d0   000006d0    r-x .text
  00000790    00000790    00000010   00000010    r-- .rodata
  000007a0    000007a0    00000030   00000030    r-- .cinit
20200000    20200000    00000008   00000000    rw-
  20200000    20200000    00000006   00000000    rw- .data
  20200006    20200006    00000002   00000000    rw- .bss
20207e00    20207e00    00000200   00000000    rw-
  20207e00    20207e00    00000200   00000000    rw- .stack


SECTION ALLOCATION MAP

 output                                  attributes/
section   page    origin      length       input sections
--------  ----  ----------  ----------   ----------------
.intvecs   0    00000000    000000c0     
                  00000000    000000c0     startup_mspm0g350x_ticlang.o (.intvecs)

.text      0    000000c0    000006d0     
                  000000c0    00000250     i2c_controller_rw_multibyte_fifo_poll.o (.text.main)
                  00000310    0000009a     libc.a : memcpy16.S.obj (.text:memcpy)
                  000003aa    00000002     startup_mspm0g350x_ticlang.o (.text.Default_Handler)
                  000003ac    00000078     libc.a : copy_decompress_lzss.c.obj (.text:decompress:lzss)
                  00000424    00000060     ti_msp_dl_config.o (.text.SYSCFG_DL_UART_0_init)
                  00000484    0000005e     driverlib.a : dl_i2c.o (.text.DL_I2C_fillControllerTXFIFO)
                  000004e2    00000002     --HOLE-- [fill = 0]
                  000004e4    00000054                 : dl_uart.o (.text.DL_UART_fillTXFIFO)
                  00000538    00000054     ti_msp_dl_config.o (.text.SYSCFG_DL_I2C_init)
                  0000058c    0000004c     ti_msp_dl_config.o (.text.SYSCFG_DL_GPIO_init)
                  000005d8    00000048     driverlib.a : dl_uart.o (.text.DL_UART_init)
                  00000620    00000040     ti_msp_dl_config.o (.text.SYSCFG_DL_initPower)
                  00000660    0000003c     libc.a : autoinit.c.obj (.text:__TI_auto_init_nobinit_nopinit)
                  0000069c    00000030     ti_msp_dl_config.o (.text.SYSCFG_DL_SYSCTL_init)
                  000006cc    00000028     libc.a : boot_cortex_m.c.obj (.text:_c_int00_noargs)
                  000006f4    00000026     driverlib.a : dl_i2c.o (.text.DL_I2C_setClockConfig)
                  0000071a    00000018     ti_msp_dl_config.o (.text.SYSCFG_DL_init)
                  00000732    00000016     libc.a : copy_zero_init.c.obj (.text:decompress:ZI:__TI_zero_init_nomemset)
                  00000748    00000012     driverlib.a : dl_uart.o (.text.DL_UART_setClockConfig)
                  0000075a    00000012     libc.a : copy_decompress_none.c.obj (.text:decompress:none)
                  0000076c    0000000a     driverlib.a : dl_common.o (.text.DL_Common_delayCycles)
                  00000776    00000002     --HOLE-- [fill = 0]
                  00000778    00000008     libclang_rt.builtins.a : aeabi_memcpy.S.obj (.text.__aeabi_memcpy)
                  00000780    00000004     startup_mspm0g350x_ticlang.o (.text.Reset_Handler)
                  00000784    00000004     libc.a : pre_init.c.obj (.text._system_pre_init)
                  00000788    00000004            : exit.c.obj (.text:abort)
                  0000078c    00000004     --HOLE-- [fill = 0]

.cinit     0    000007a0    00000030     
                  000007a0    0000000c     (__TI_handler_table)
                  000007ac    0000000a     (.cinit..data.load) [load image, compression = lzss]
                  000007b6    00000002     --HOLE-- [fill = 0]
                  000007b8    00000008     (.cinit..bss.load) [load image, compression = zero_init]
                  000007c0    00000010     (__TI_cinit_table)

.rodata    0    00000790    00000010     
                  00000790    0000000a     ti_msp_dl_config.o (.rodata.gUART_0Config)
                  0000079a    00000002     ti_msp_dl_config.o (.rodata.gI2CClockConfig)
                  0000079c    00000002     ti_msp_dl_config.o (.rodata.gUART_0ClockConfig)
                  0000079e    00000002     --HOLE-- [fill = 0]

.init_array 
*          0    00000000    00000000     UNINITIALIZED

.binit     0    00000000    00000000     

.data      0    20200000    00000006     UNINITIALIZED
                  20200000    00000004     i2c_controller_rw_multibyte_fifo_poll.o (.data.txPacket)
                  20200004    00000001     i2c_controller_rw_multibyte_fifo_poll.o (.data.cmd)
                  20200005    00000001     i2c_controller_rw_multibyte_fifo_poll.o (.data.on_cmd)

.bss       0    20200006    00000002     UNINITIALIZED
                  20200006    00000002     (.common:gRxPacket)

.stack     0    20207e00    00000200     UNINITIALIZED
                  20207e00    00000004     libc.a : boot_cortex_m.c.obj (.stack)
                  20207e04    000001fc     --HOLE--

__llvm_prf_cnts 
*          0    20200000    00000000     UNINITIALIZED

__llvm_prf_bits 
*          0    20200000    00000000     UNINITIALIZED

MODULE SUMMARY

       Module                                    code   ro data   rw data
       ------                                    ----   -------   -------
    ./
       i2c_controller_rw_multibyte_fifo_poll.o   592    0         8      
       ti_msp_dl_config.o                        392    14        0      
       startup_mspm0g350x_ticlang.o              6      192       0      
    +--+-----------------------------------------+------+---------+---------+
       Total:                                    990    206       8      
                                                                         
    /Applications/ti/ccs1281/ccs/tools/compiler/ti-cgt-armllvm_3.2.1.LTS/lib/armv6m-ti-none-eabi/c/libc.a
       memcpy16.S.obj                            154    0         0      
       copy_decompress_lzss.c.obj                120    0         0      
       autoinit.c.obj                            60     0         0      
       boot_cortex_m.c.obj                       40     0         0      
       copy_zero_init.c.obj                      22     0         0      
       copy_decompress_none.c.obj                18     0         0      
       exit.c.obj                                4      0         0      
       pre_init.c.obj                            4      0         0      
    +--+-----------------------------------------+------+---------+---------+
       Total:                                    422    0         0      
                                                                         
    /Applications/ti/ccs1281/ccs/tools/compiler/ti-cgt-armllvm_3.2.1.LTS/lib/clang/15.0.7/lib/armv6m-ti-none-eabi/libclang_rt.builtins.a
       aeabi_memcpy.S.obj                        8      0         0      
    +--+-----------------------------------------+------+---------+---------+
       Total:                                    8      0         0      
                                                                         
    /Users/tomikuye/ti/mspm0_sdk_2_04_00_06/source/ti/driverlib/lib/ticlang/m0p/mspm0g1x0x_g3x0x/driverlib.a
       dl_uart.o                                 174    0         0      
       dl_i2c.o                                  132    0         0      
       dl_common.o                               10     0         0      
    +--+-----------------------------------------+------+---------+---------+
       Total:                                    316    0         0      
                                                                         
       Stack:                                    0      0         512    
       Linker Generated:                         0      46        0      
    +--+-----------------------------------------+------+---------+---------+
       Grand Total:                              1736   252       520    


LINKER GENERATED COPY TABLES

__TI_cinit_table @ 000007c0 records: 2, size/record: 8, table size: 16
	.data: load addr=000007ac, load size=0000000a bytes, run addr=20200000, run size=00000006 bytes, compression=lzss
	.bss: load addr=000007b8, load size=00000008 bytes, run addr=20200006, run size=00000002 bytes, compression=zero_init


LINKER GENERATED HANDLER TABLE

__TI_handler_table @ 000007a0 records: 3, size/record: 4, table size: 12
	index: 0, handler: __TI_decompress_lzss
	index: 1, handler: __TI_decompress_none
	index: 2, handler: __TI_zero_init


GLOBAL SYMBOLS: SORTED ALPHABETICALLY BY Name 

address   name                          
-------   ----                          
000003ab  ADC0_IRQHandler               
000003ab  ADC1_IRQHandler               
000003ab  AES_IRQHandler                
00000788  C$$EXIT                       
000003ab  CANFD0_IRQHandler             
000003ab  DAC0_IRQHandler               
0000076d  DL_Common_delayCycles         
00000485  DL_I2C_fillControllerTXFIFO   
000006f5  DL_I2C_setClockConfig         
000004e5  DL_UART_fillTXFIFO            
000005d9  DL_UART_init                  
00000749  DL_UART_setClockConfig        
000003ab  DMA_IRQHandler                
000003ab  Default_Handler               
000003ab  GROUP0_IRQHandler             
000003ab  GROUP1_IRQHandler             
000003ab  HardFault_Handler             
000003ab  I2C0_IRQHandler               
000003ab  I2C1_IRQHandler               
000003ab  NMI_Handler                   
000003ab  PendSV_Handler                
000003ab  RTC_IRQHandler                
00000781  Reset_Handler                 
000003ab  SPI0_IRQHandler               
000003ab  SPI1_IRQHandler               
000003ab  SVC_Handler                   
0000058d  SYSCFG_DL_GPIO_init           
00000539  SYSCFG_DL_I2C_init            
0000069d  SYSCFG_DL_SYSCTL_init         
00000425  SYSCFG_DL_UART_0_init         
0000071b  SYSCFG_DL_init                
00000621  SYSCFG_DL_initPower           
000003ab  SysTick_Handler               
000003ab  TIMA0_IRQHandler              
000003ab  TIMA1_IRQHandler              
000003ab  TIMG0_IRQHandler              
000003ab  TIMG12_IRQHandler             
000003ab  TIMG6_IRQHandler              
000003ab  TIMG7_IRQHandler              
000003ab  TIMG8_IRQHandler              
000003ab  UART0_IRQHandler              
000003ab  UART1_IRQHandler              
000003ab  UART2_IRQHandler              
000003ab  UART3_IRQHandler              
20208000  __STACK_END                   
00000200  __STACK_SIZE                  
00000000  __TI_ATRegion0_region_sz      
00000000  __TI_ATRegion0_src_addr       
00000000  __TI_ATRegion0_trg_addr       
00000000  __TI_ATRegion1_region_sz      
00000000  __TI_ATRegion1_src_addr       
00000000  __TI_ATRegion1_trg_addr       
00000000  __TI_ATRegion2_region_sz      
00000000  __TI_ATRegion2_src_addr       
00000000  __TI_ATRegion2_trg_addr       
000007c0  __TI_CINIT_Base               
000007d0  __TI_CINIT_Limit              
000007d0  __TI_CINIT_Warm               
000007a0  __TI_Handler_Table_Base       
000007ac  __TI_Handler_Table_Limit      
00000661  __TI_auto_init_nobinit_nopinit
000003ad  __TI_decompress_lzss          
0000075b  __TI_decompress_none          
ffffffff  __TI_pprof_out_hndl           
ffffffff  __TI_prof_data_size           
ffffffff  __TI_prof_data_start          
00000000  __TI_static_base__            
00000733  __TI_zero_init_nomemset       
00000779  __aeabi_memcpy                
00000779  __aeabi_memcpy4               
00000779  __aeabi_memcpy8               
ffffffff  __binit__                     
UNDEFED   __mpu_init                    
20207e00  __stack                       
20200000  __start___llvm_prf_bits       
20200000  __start___llvm_prf_cnts       
20200000  __stop___llvm_prf_bits        
20200000  __stop___llvm_prf_cnts        
000006cd  _c_int00_noargs               
UNDEFED   _system_post_cinit            
00000785  _system_pre_init              
00000789  abort                         
ffffffff  binit                         
20200004  cmd                           
20200006  gRxPacket                     
00000000  interruptVectors              
000000c1  main                          
00000311  memcpy                        
20200005  on_cmd                        
20200000  txPacket                      


GLOBAL SYMBOLS: SORTED BY Symbol Address 

address   name                          
-------   ----                          
00000000  __TI_ATRegion0_region_sz      
00000000  __TI_ATRegion0_src_addr       
00000000  __TI_ATRegion0_trg_addr       
00000000  __TI_ATRegion1_region_sz      
00000000  __TI_ATRegion1_src_addr       
00000000  __TI_ATRegion1_trg_addr       
00000000  __TI_ATRegion2_region_sz      
00000000  __TI_ATRegion2_src_addr       
00000000  __TI_ATRegion2_trg_addr       
00000000  __TI_static_base__            
00000000  interruptVectors              
000000c1  main                          
00000200  __STACK_SIZE                  
00000311  memcpy                        
000003ab  ADC0_IRQHandler               
000003ab  ADC1_IRQHandler               
000003ab  AES_IRQHandler                
000003ab  CANFD0_IRQHandler             
000003ab  DAC0_IRQHandler               
000003ab  DMA_IRQHandler                
000003ab  Default_Handler               
000003ab  GROUP0_IRQHandler             
000003ab  GROUP1_IRQHandler             
000003ab  HardFault_Handler             
000003ab  I2C0_IRQHandler               
000003ab  I2C1_IRQHandler               
000003ab  NMI_Handler                   
000003ab  PendSV_Handler                
000003ab  RTC_IRQHandler                
000003ab  SPI0_IRQHandler               
000003ab  SPI1_IRQHandler               
000003ab  SVC_Handler                   
000003ab  SysTick_Handler               
000003ab  TIMA0_IRQHandler              
000003ab  TIMA1_IRQHandler              
000003ab  TIMG0_IRQHandler              
000003ab  TIMG12_IRQHandler             
000003ab  TIMG6_IRQHandler              
000003ab  TIMG7_IRQHandler              
000003ab  TIMG8_IRQHandler              
000003ab  UART0_IRQHandler              
000003ab  UART1_IRQHandler              
000003ab  UART2_IRQHandler              
000003ab  UART3_IRQHandler              
000003ad  __TI_decompress_lzss          
00000425  SYSCFG_DL_UART_0_init         
00000485  DL_I2C_fillControllerTXFIFO   
000004e5  DL_UART_fillTXFIFO            
00000539  SYSCFG_DL_I2C_init            
0000058d  SYSCFG_DL_GPIO_init           
000005d9  DL_UART_init                  
00000621  SYSCFG_DL_initPower           
00000661  __TI_auto_init_nobinit_nopinit
0000069d  SYSCFG_DL_SYSCTL_init         
000006cd  _c_int00_noargs               
000006f5  DL_I2C_setClockConfig         
0000071b  SYSCFG_DL_init                
00000733  __TI_zero_init_nomemset       
00000749  DL_UART_setClockConfig        
0000075b  __TI_decompress_none          
0000076d  DL_Common_delayCycles         
00000779  __aeabi_memcpy                
00000779  __aeabi_memcpy4               
00000779  __aeabi_memcpy8               
00000781  Reset_Handler                 
00000785  _system_pre_init              
00000788  C$$EXIT                       
00000789  abort                         
000007a0  __TI_Handler_Table_Base       
000007ac  __TI_Handler_Table_Limit      
000007c0  __TI_CINIT_Base               
000007d0  __TI_CINIT_Limit              
000007d0  __TI_CINIT_Warm               
20200000  __start___llvm_prf_bits       
20200000  __start___llvm_prf_cnts       
20200000  __stop___llvm_prf_bits        
20200000  __stop___llvm_prf_cnts        
20200000  txPacket                      
20200004  cmd                           
20200005  on_cmd                        
20200006  gRxPacket                     
20207e00  __stack                       
20208000  __STACK_END                   
ffffffff  __TI_pprof_out_hndl           
ffffffff  __TI_prof_data_size           
ffffffff  __TI_prof_data_start          
ffffffff  __binit__                     
ffffffff  binit                         
UNDEFED   __mpu_init                    
UNDEFED   _system_post_cinit            

[90 symbols]
