<?xml version="1.0" encoding="ISO-8859-1" ?>
<link_info>
   <banner>TI ARM Clang Linker Unix v3.2.1.LTS</banner>
   <copyright>Copyright (c) 1996-2018 Texas Instruments Incorporated</copyright>
   <link_time>0x682d1bd9</link_time>
   <link_errors>0x0</link_errors>
   <output_file>/Users/tomikuye/workspace_v12/IOT MSPM0  TSL2591 Sensor Input - UART/Debug/IOT MSPM0  TSL2591 Sensor Input - UART.out</output_file>
   <entry_point>
      <name>_c_int00_noargs</name>
      <address>0x22ed</address>
   </entry_point>
   <input_file_list>
      <input_file id="fl-1">
         <path>/Users/tomikuye/workspace_v12/IOT MSPM0  TSL2591 Sensor Input - UART/Debug/./</path>
         <kind>object</kind>
         <file>i2c_controller_rw_multibyte_fifo_poll.o</file>
         <name>i2c_controller_rw_multibyte_fifo_poll.o</name>
      </input_file>
      <input_file id="fl-2">
         <path>/Users/tomikuye/workspace_v12/IOT MSPM0  TSL2591 Sensor Input - UART/Debug/./</path>
         <kind>object</kind>
         <file>ti_msp_dl_config.o</file>
         <name>ti_msp_dl_config.o</name>
      </input_file>
      <input_file id="fl-3">
         <path>/Users/tomikuye/workspace_v12/IOT MSPM0  TSL2591 Sensor Input - UART/Debug/./</path>
         <kind>object</kind>
         <file>startup_mspm0g350x_ticlang.o</file>
         <name>startup_mspm0g350x_ticlang.o</name>
      </input_file>
      <input_file id="fl-10">
         <path>/Users/tomikuye/workspace_v12/IOT MSPM0  TSL2591 Sensor Input - UART/Debug/</path>
         <kind>object</kind>
         <file>&lt;internal&gt;</file>
         <name>&lt;internal&gt;</name>
      </input_file>
      <input_file id="fl-11">
         <path>/Users/tomikuye/ti/mspm0_sdk_2_04_00_06/source/ti/driverlib/lib/ticlang/m0p/mspm0g1x0x_g3x0x/</path>
         <kind>archive</kind>
         <file>driverlib.a</file>
         <name>dl_common.o</name>
      </input_file>
      <input_file id="fl-12">
         <path>/Users/tomikuye/ti/mspm0_sdk_2_04_00_06/source/ti/driverlib/lib/ticlang/m0p/mspm0g1x0x_g3x0x/</path>
         <kind>archive</kind>
         <file>driverlib.a</file>
         <name>dl_i2c.o</name>
      </input_file>
      <input_file id="fl-13">
         <path>/Users/tomikuye/ti/mspm0_sdk_2_04_00_06/source/ti/driverlib/lib/ticlang/m0p/mspm0g1x0x_g3x0x/</path>
         <kind>archive</kind>
         <file>driverlib.a</file>
         <name>dl_uart.o</name>
      </input_file>
      <input_file id="fl-22">
         <path>/Applications/ti/ccs1281/ccs/tools/compiler/ti-cgt-armllvm_3.2.1.LTS/lib/armv6m-ti-none-eabi/c/</path>
         <kind>archive</kind>
         <file>libc.a</file>
         <name>snprintf.c.obj</name>
      </input_file>
      <input_file id="fl-23">
         <path>/Applications/ti/ccs1281/ccs/tools/compiler/ti-cgt-armllvm_3.2.1.LTS/lib/armv6m-ti-none-eabi/c/</path>
         <kind>archive</kind>
         <file>libc.a</file>
         <name>boot_cortex_m.c.obj</name>
      </input_file>
      <input_file id="fl-24">
         <path>/Applications/ti/ccs1281/ccs/tools/compiler/ti-cgt-armllvm_3.2.1.LTS/lib/armv6m-ti-none-eabi/c/</path>
         <kind>archive</kind>
         <file>libc.a</file>
         <name>mathacl_init.c.obj</name>
      </input_file>
      <input_file id="fl-25">
         <path>/Applications/ti/ccs1281/ccs/tools/compiler/ti-cgt-armllvm_3.2.1.LTS/lib/armv6m-ti-none-eabi/c/</path>
         <kind>archive</kind>
         <file>libc.a</file>
         <name>autoinit.c.obj</name>
      </input_file>
      <input_file id="fl-26">
         <path>/Applications/ti/ccs1281/ccs/tools/compiler/ti-cgt-armllvm_3.2.1.LTS/lib/armv6m-ti-none-eabi/c/</path>
         <kind>archive</kind>
         <file>libc.a</file>
         <name>pre_init.c.obj</name>
      </input_file>
      <input_file id="fl-27">
         <path>/Applications/ti/ccs1281/ccs/tools/compiler/ti-cgt-armllvm_3.2.1.LTS/lib/armv6m-ti-none-eabi/c/</path>
         <kind>archive</kind>
         <file>libc.a</file>
         <name>cpy_tbl.c.obj</name>
      </input_file>
      <input_file id="fl-28">
         <path>/Applications/ti/ccs1281/ccs/tools/compiler/ti-cgt-armllvm_3.2.1.LTS/lib/armv6m-ti-none-eabi/c/</path>
         <kind>archive</kind>
         <file>libc.a</file>
         <name>copy_zero_init.c.obj</name>
      </input_file>
      <input_file id="fl-29">
         <path>/Applications/ti/ccs1281/ccs/tools/compiler/ti-cgt-armllvm_3.2.1.LTS/lib/armv6m-ti-none-eabi/c/</path>
         <kind>archive</kind>
         <file>libc.a</file>
         <name>copy_decompress_none.c.obj</name>
      </input_file>
      <input_file id="fl-2a">
         <path>/Applications/ti/ccs1281/ccs/tools/compiler/ti-cgt-armllvm_3.2.1.LTS/lib/armv6m-ti-none-eabi/c/</path>
         <kind>archive</kind>
         <file>libc.a</file>
         <name>copy_decompress_lzss.c.obj</name>
      </input_file>
      <input_file id="fl-2b">
         <path>/Applications/ti/ccs1281/ccs/tools/compiler/ti-cgt-armllvm_3.2.1.LTS/lib/armv6m-ti-none-eabi/c/</path>
         <kind>archive</kind>
         <file>libc.a</file>
         <name>_printfi.c.obj</name>
      </input_file>
      <input_file id="fl-2c">
         <path>/Applications/ti/ccs1281/ccs/tools/compiler/ti-cgt-armllvm_3.2.1.LTS/lib/armv6m-ti-none-eabi/c/</path>
         <kind>archive</kind>
         <file>libc.a</file>
         <name>wcslen.c.obj</name>
      </input_file>
      <input_file id="fl-2d">
         <path>/Applications/ti/ccs1281/ccs/tools/compiler/ti-cgt-armllvm_3.2.1.LTS/lib/armv6m-ti-none-eabi/c/</path>
         <kind>archive</kind>
         <file>libc.a</file>
         <name>aeabi_portable.c.obj</name>
      </input_file>
      <input_file id="fl-2e">
         <path>/Applications/ti/ccs1281/ccs/tools/compiler/ti-cgt-armllvm_3.2.1.LTS/lib/armv6m-ti-none-eabi/c/</path>
         <kind>archive</kind>
         <file>libc.a</file>
         <name>exit.c.obj</name>
      </input_file>
      <input_file id="fl-2f">
         <path>/Applications/ti/ccs1281/ccs/tools/compiler/ti-cgt-armllvm_3.2.1.LTS/lib/armv6m-ti-none-eabi/c/</path>
         <kind>archive</kind>
         <file>libc.a</file>
         <name>_lock.c.obj</name>
      </input_file>
      <input_file id="fl-30">
         <path>/Applications/ti/ccs1281/ccs/tools/compiler/ti-cgt-armllvm_3.2.1.LTS/lib/armv6m-ti-none-eabi/c/</path>
         <kind>archive</kind>
         <file>libc.a</file>
         <name>_ltoa.c.obj</name>
      </input_file>
      <input_file id="fl-31">
         <path>/Applications/ti/ccs1281/ccs/tools/compiler/ti-cgt-armllvm_3.2.1.LTS/lib/armv6m-ti-none-eabi/c/</path>
         <kind>archive</kind>
         <file>libc.a</file>
         <name>args_main.c.obj</name>
      </input_file>
      <input_file id="fl-32">
         <path>/Applications/ti/ccs1281/ccs/tools/compiler/ti-cgt-armllvm_3.2.1.LTS/lib/armv6m-ti-none-eabi/c/</path>
         <kind>archive</kind>
         <file>libc.a</file>
         <name>assert.c.obj</name>
      </input_file>
      <input_file id="fl-33">
         <path>/Applications/ti/ccs1281/ccs/tools/compiler/ti-cgt-armllvm_3.2.1.LTS/lib/armv6m-ti-none-eabi/c/</path>
         <kind>archive</kind>
         <file>libc.a</file>
         <name>atoi.c.obj</name>
      </input_file>
      <input_file id="fl-34">
         <path>/Applications/ti/ccs1281/ccs/tools/compiler/ti-cgt-armllvm_3.2.1.LTS/lib/armv6m-ti-none-eabi/c/</path>
         <kind>archive</kind>
         <file>libc.a</file>
         <name>defs.c.obj</name>
      </input_file>
      <input_file id="fl-35">
         <path>/Applications/ti/ccs1281/ccs/tools/compiler/ti-cgt-armllvm_3.2.1.LTS/lib/armv6m-ti-none-eabi/c/</path>
         <kind>archive</kind>
         <file>libc.a</file>
         <name>memccpy.c.obj</name>
      </input_file>
      <input_file id="fl-36">
         <path>/Applications/ti/ccs1281/ccs/tools/compiler/ti-cgt-armllvm_3.2.1.LTS/lib/armv6m-ti-none-eabi/c/</path>
         <kind>archive</kind>
         <file>libc.a</file>
         <name>memory.c.obj</name>
      </input_file>
      <input_file id="fl-37">
         <path>/Applications/ti/ccs1281/ccs/tools/compiler/ti-cgt-armllvm_3.2.1.LTS/lib/armv6m-ti-none-eabi/c/</path>
         <kind>archive</kind>
         <file>libc.a</file>
         <name>s_frexp.c.obj</name>
      </input_file>
      <input_file id="fl-38">
         <path>/Applications/ti/ccs1281/ccs/tools/compiler/ti-cgt-armllvm_3.2.1.LTS/lib/armv6m-ti-none-eabi/c/</path>
         <kind>archive</kind>
         <file>libc.a</file>
         <name>s_scalbn.c.obj</name>
      </input_file>
      <input_file id="fl-39">
         <path>/Applications/ti/ccs1281/ccs/tools/compiler/ti-cgt-armllvm_3.2.1.LTS/lib/armv6m-ti-none-eabi/c/</path>
         <kind>archive</kind>
         <file>libc.a</file>
         <name>sprintf.c.obj</name>
      </input_file>
      <input_file id="fl-3a">
         <path>/Applications/ti/ccs1281/ccs/tools/compiler/ti-cgt-armllvm_3.2.1.LTS/lib/armv6m-ti-none-eabi/c/</path>
         <kind>archive</kind>
         <file>libc.a</file>
         <name>fflush.c.obj</name>
      </input_file>
      <input_file id="fl-3b">
         <path>/Applications/ti/ccs1281/ccs/tools/compiler/ti-cgt-armllvm_3.2.1.LTS/lib/armv6m-ti-none-eabi/c/</path>
         <kind>archive</kind>
         <file>libc.a</file>
         <name>fputs.c.obj</name>
      </input_file>
      <input_file id="fl-3c">
         <path>/Applications/ti/ccs1281/ccs/tools/compiler/ti-cgt-armllvm_3.2.1.LTS/lib/armv6m-ti-none-eabi/c/</path>
         <kind>archive</kind>
         <file>libc.a</file>
         <name>_io_perm.c.obj</name>
      </input_file>
      <input_file id="fl-3d">
         <path>/Applications/ti/ccs1281/ccs/tools/compiler/ti-cgt-armllvm_3.2.1.LTS/lib/armv6m-ti-none-eabi/c/</path>
         <kind>archive</kind>
         <file>libc.a</file>
         <name>setvbuf.c.obj</name>
      </input_file>
      <input_file id="fl-3e">
         <path>/Applications/ti/ccs1281/ccs/tools/compiler/ti-cgt-armllvm_3.2.1.LTS/lib/armv6m-ti-none-eabi/c/</path>
         <kind>archive</kind>
         <file>libc.a</file>
         <name>aeabi_ctype.S.obj</name>
      </input_file>
      <input_file id="fl-3f">
         <path>/Applications/ti/ccs1281/ccs/tools/compiler/ti-cgt-armllvm_3.2.1.LTS/lib/armv6m-ti-none-eabi/c/</path>
         <kind>archive</kind>
         <file>libc.a</file>
         <name>fopen.c.obj</name>
      </input_file>
      <input_file id="fl-40">
         <path>/Applications/ti/ccs1281/ccs/tools/compiler/ti-cgt-armllvm_3.2.1.LTS/lib/armv6m-ti-none-eabi/c/</path>
         <kind>archive</kind>
         <file>libc.a</file>
         <name>fseek.c.obj</name>
      </input_file>
      <input_file id="fl-41">
         <path>/Applications/ti/ccs1281/ccs/tools/compiler/ti-cgt-armllvm_3.2.1.LTS/lib/armv6m-ti-none-eabi/c/</path>
         <kind>archive</kind>
         <file>libc.a</file>
         <name>fclose.c.obj</name>
      </input_file>
      <input_file id="fl-a7">
         <path>/Applications/ti/ccs1281/ccs/tools/compiler/ti-cgt-armllvm_3.2.1.LTS/lib/armv6m-ti-none-eabi/c/</path>
         <kind>archive</kind>
         <file>libsysbm.a</file>
         <name>write.c.obj</name>
      </input_file>
      <input_file id="fl-a8">
         <path>/Applications/ti/ccs1281/ccs/tools/compiler/ti-cgt-armllvm_3.2.1.LTS/lib/armv6m-ti-none-eabi/c/</path>
         <kind>archive</kind>
         <file>libsysbm.a</file>
         <name>host_device.c.obj</name>
      </input_file>
      <input_file id="fl-a9">
         <path>/Applications/ti/ccs1281/ccs/tools/compiler/ti-cgt-armllvm_3.2.1.LTS/lib/armv6m-ti-none-eabi/c/</path>
         <kind>archive</kind>
         <file>libsysbm.a</file>
         <name>remove.c.obj</name>
      </input_file>
      <input_file id="fl-aa">
         <path>/Applications/ti/ccs1281/ccs/tools/compiler/ti-cgt-armllvm_3.2.1.LTS/lib/armv6m-ti-none-eabi/c/</path>
         <kind>archive</kind>
         <file>libsysbm.a</file>
         <name>open.c.obj</name>
      </input_file>
      <input_file id="fl-ab">
         <path>/Applications/ti/ccs1281/ccs/tools/compiler/ti-cgt-armllvm_3.2.1.LTS/lib/armv6m-ti-none-eabi/c/</path>
         <kind>archive</kind>
         <file>libsysbm.a</file>
         <name>lseek.c.obj</name>
      </input_file>
      <input_file id="fl-ac">
         <path>/Applications/ti/ccs1281/ccs/tools/compiler/ti-cgt-armllvm_3.2.1.LTS/lib/armv6m-ti-none-eabi/c/</path>
         <kind>archive</kind>
         <file>libsysbm.a</file>
         <name>close.c.obj</name>
      </input_file>
      <input_file id="fl-ad">
         <path>/Applications/ti/ccs1281/ccs/tools/compiler/ti-cgt-armllvm_3.2.1.LTS/lib/armv6m-ti-none-eabi/c/</path>
         <kind>archive</kind>
         <file>libsysbm.a</file>
         <name>unlink.c.obj</name>
      </input_file>
      <input_file id="fl-ae">
         <path>/Applications/ti/ccs1281/ccs/tools/compiler/ti-cgt-armllvm_3.2.1.LTS/lib/armv6m-ti-none-eabi/c/</path>
         <kind>archive</kind>
         <file>libsysbm.a</file>
         <name>hostclose.c.obj</name>
      </input_file>
      <input_file id="fl-af">
         <path>/Applications/ti/ccs1281/ccs/tools/compiler/ti-cgt-armllvm_3.2.1.LTS/lib/armv6m-ti-none-eabi/c/</path>
         <kind>archive</kind>
         <file>libsysbm.a</file>
         <name>hostlseek.c.obj</name>
      </input_file>
      <input_file id="fl-b0">
         <path>/Applications/ti/ccs1281/ccs/tools/compiler/ti-cgt-armllvm_3.2.1.LTS/lib/armv6m-ti-none-eabi/c/</path>
         <kind>archive</kind>
         <file>libsysbm.a</file>
         <name>hostopen.c.obj</name>
      </input_file>
      <input_file id="fl-b1">
         <path>/Applications/ti/ccs1281/ccs/tools/compiler/ti-cgt-armllvm_3.2.1.LTS/lib/armv6m-ti-none-eabi/c/</path>
         <kind>archive</kind>
         <file>libsysbm.a</file>
         <name>hostread.c.obj</name>
      </input_file>
      <input_file id="fl-b2">
         <path>/Applications/ti/ccs1281/ccs/tools/compiler/ti-cgt-armllvm_3.2.1.LTS/lib/armv6m-ti-none-eabi/c/</path>
         <kind>archive</kind>
         <file>libsysbm.a</file>
         <name>hostrename.c.obj</name>
      </input_file>
      <input_file id="fl-b3">
         <path>/Applications/ti/ccs1281/ccs/tools/compiler/ti-cgt-armllvm_3.2.1.LTS/lib/armv6m-ti-none-eabi/c/</path>
         <kind>archive</kind>
         <file>libsysbm.a</file>
         <name>hostunlink.c.obj</name>
      </input_file>
      <input_file id="fl-b4">
         <path>/Applications/ti/ccs1281/ccs/tools/compiler/ti-cgt-armllvm_3.2.1.LTS/lib/armv6m-ti-none-eabi/c/</path>
         <kind>archive</kind>
         <file>libsysbm.a</file>
         <name>hostwrite.c.obj</name>
      </input_file>
      <input_file id="fl-b5">
         <path>/Applications/ti/ccs1281/ccs/tools/compiler/ti-cgt-armllvm_3.2.1.LTS/lib/armv6m-ti-none-eabi/c/</path>
         <kind>archive</kind>
         <file>libsysbm.a</file>
         <name>trgmsg.c.obj</name>
      </input_file>
      <input_file id="fl-b6">
         <path>/Applications/ti/ccs1281/ccs/tools/compiler/ti-cgt-armllvm_3.2.1.LTS/lib/clang/15.0.7/lib/armv6m-ti-none-eabi/</path>
         <kind>archive</kind>
         <file>libclang_rt.builtins.a</file>
         <name>adddf3.S.obj</name>
      </input_file>
      <input_file id="fl-b7">
         <path>/Applications/ti/ccs1281/ccs/tools/compiler/ti-cgt-armllvm_3.2.1.LTS/lib/clang/15.0.7/lib/armv6m-ti-none-eabi/</path>
         <kind>archive</kind>
         <file>libclang_rt.builtins.a</file>
         <name>muldf3.S.obj</name>
      </input_file>
      <input_file id="fl-b8">
         <path>/Applications/ti/ccs1281/ccs/tools/compiler/ti-cgt-armllvm_3.2.1.LTS/lib/clang/15.0.7/lib/armv6m-ti-none-eabi/</path>
         <kind>archive</kind>
         <file>libclang_rt.builtins.a</file>
         <name>muldsi3.S.obj</name>
      </input_file>
      <input_file id="fl-b9">
         <path>/Applications/ti/ccs1281/ccs/tools/compiler/ti-cgt-armllvm_3.2.1.LTS/lib/clang/15.0.7/lib/armv6m-ti-none-eabi/</path>
         <kind>archive</kind>
         <file>libclang_rt.builtins.a</file>
         <name>divsf3.S.obj</name>
      </input_file>
      <input_file id="fl-ba">
         <path>/Applications/ti/ccs1281/ccs/tools/compiler/ti-cgt-armllvm_3.2.1.LTS/lib/clang/15.0.7/lib/armv6m-ti-none-eabi/</path>
         <kind>archive</kind>
         <file>libclang_rt.builtins.a</file>
         <name>divdf3.S.obj</name>
      </input_file>
      <input_file id="fl-bb">
         <path>/Applications/ti/ccs1281/ccs/tools/compiler/ti-cgt-armllvm_3.2.1.LTS/lib/clang/15.0.7/lib/armv6m-ti-none-eabi/</path>
         <kind>archive</kind>
         <file>libclang_rt.builtins.a</file>
         <name>extendsfdf2.S.obj</name>
      </input_file>
      <input_file id="fl-bc">
         <path>/Applications/ti/ccs1281/ccs/tools/compiler/ti-cgt-armllvm_3.2.1.LTS/lib/clang/15.0.7/lib/armv6m-ti-none-eabi/</path>
         <kind>archive</kind>
         <file>libclang_rt.builtins.a</file>
         <name>fixdfsi.S.obj</name>
      </input_file>
      <input_file id="fl-bd">
         <path>/Applications/ti/ccs1281/ccs/tools/compiler/ti-cgt-armllvm_3.2.1.LTS/lib/clang/15.0.7/lib/armv6m-ti-none-eabi/</path>
         <kind>archive</kind>
         <file>libclang_rt.builtins.a</file>
         <name>floatsidf.S.obj</name>
      </input_file>
      <input_file id="fl-be">
         <path>/Applications/ti/ccs1281/ccs/tools/compiler/ti-cgt-armllvm_3.2.1.LTS/lib/clang/15.0.7/lib/armv6m-ti-none-eabi/</path>
         <kind>archive</kind>
         <file>libclang_rt.builtins.a</file>
         <name>floatunsisf.S.obj</name>
      </input_file>
      <input_file id="fl-bf">
         <path>/Applications/ti/ccs1281/ccs/tools/compiler/ti-cgt-armllvm_3.2.1.LTS/lib/clang/15.0.7/lib/armv6m-ti-none-eabi/</path>
         <kind>archive</kind>
         <file>libclang_rt.builtins.a</file>
         <name>muldi3.S.obj</name>
      </input_file>
      <input_file id="fl-c0">
         <path>/Applications/ti/ccs1281/ccs/tools/compiler/ti-cgt-armllvm_3.2.1.LTS/lib/clang/15.0.7/lib/armv6m-ti-none-eabi/</path>
         <kind>archive</kind>
         <file>libclang_rt.builtins.a</file>
         <name>aeabi_dcmp.S.obj</name>
      </input_file>
      <input_file id="fl-c1">
         <path>/Applications/ti/ccs1281/ccs/tools/compiler/ti-cgt-armllvm_3.2.1.LTS/lib/clang/15.0.7/lib/armv6m-ti-none-eabi/</path>
         <kind>archive</kind>
         <file>libclang_rt.builtins.a</file>
         <name>aeabi_idivmod.S.obj</name>
      </input_file>
      <input_file id="fl-c2">
         <path>/Applications/ti/ccs1281/ccs/tools/compiler/ti-cgt-armllvm_3.2.1.LTS/lib/clang/15.0.7/lib/armv6m-ti-none-eabi/</path>
         <kind>archive</kind>
         <file>libclang_rt.builtins.a</file>
         <name>aeabi_memcpy.S.obj</name>
      </input_file>
      <input_file id="fl-c3">
         <path>/Applications/ti/ccs1281/ccs/tools/compiler/ti-cgt-armllvm_3.2.1.LTS/lib/clang/15.0.7/lib/armv6m-ti-none-eabi/</path>
         <kind>archive</kind>
         <file>libclang_rt.builtins.a</file>
         <name>aeabi_memset.S.obj</name>
      </input_file>
      <input_file id="fl-c4">
         <path>/Applications/ti/ccs1281/ccs/tools/compiler/ti-cgt-armllvm_3.2.1.LTS/lib/clang/15.0.7/lib/armv6m-ti-none-eabi/</path>
         <kind>archive</kind>
         <file>libclang_rt.builtins.a</file>
         <name>aeabi_uidivmod.S.obj</name>
      </input_file>
      <input_file id="fl-c5">
         <path>/Applications/ti/ccs1281/ccs/tools/compiler/ti-cgt-armllvm_3.2.1.LTS/lib/clang/15.0.7/lib/armv6m-ti-none-eabi/</path>
         <kind>archive</kind>
         <file>libclang_rt.builtins.a</file>
         <name>aeabi_uldivmod.S.obj</name>
      </input_file>
      <input_file id="fl-c6">
         <path>/Applications/ti/ccs1281/ccs/tools/compiler/ti-cgt-armllvm_3.2.1.LTS/lib/clang/15.0.7/lib/armv6m-ti-none-eabi/</path>
         <kind>archive</kind>
         <file>libclang_rt.builtins.a</file>
         <name>udivmoddi4.S.obj</name>
      </input_file>
      <input_file id="fl-c7">
         <path>/Applications/ti/ccs1281/ccs/tools/compiler/ti-cgt-armllvm_3.2.1.LTS/lib/clang/15.0.7/lib/armv6m-ti-none-eabi/</path>
         <kind>archive</kind>
         <file>libclang_rt.builtins.a</file>
         <name>ashldi3.S.obj</name>
      </input_file>
      <input_file id="fl-c8">
         <path>/Applications/ti/ccs1281/ccs/tools/compiler/ti-cgt-armllvm_3.2.1.LTS/lib/clang/15.0.7/lib/armv6m-ti-none-eabi/</path>
         <kind>archive</kind>
         <file>libclang_rt.builtins.a</file>
         <name>comparedf2.c.obj</name>
      </input_file>
      <input_file id="fl-c9">
         <path>/Applications/ti/ccs1281/ccs/tools/compiler/ti-cgt-armllvm_3.2.1.LTS/lib/clang/15.0.7/lib/armv6m-ti-none-eabi/</path>
         <kind>archive</kind>
         <file>libclang_rt.builtins.a</file>
         <name>aeabi_div0.c.obj</name>
      </input_file>
      <input_file id="fl-ca">
         <path>/Applications/ti/ccs1281/ccs/tools/compiler/ti-cgt-armllvm_3.2.1.LTS/lib/armv6m-ti-none-eabi/c/</path>
         <kind>archive</kind>
         <file>libc.a</file>
         <name>getdevice.c.obj</name>
      </input_file>
      <input_file id="fl-cb">
         <path>/Applications/ti/ccs1281/ccs/tools/compiler/ti-cgt-armllvm_3.2.1.LTS/lib/armv6m-ti-none-eabi/c/</path>
         <kind>archive</kind>
         <file>libc.a</file>
         <name>memcpy16.S.obj</name>
      </input_file>
      <input_file id="fl-cc">
         <path>/Applications/ti/ccs1281/ccs/tools/compiler/ti-cgt-armllvm_3.2.1.LTS/lib/armv6m-ti-none-eabi/c/</path>
         <kind>archive</kind>
         <file>libc.a</file>
         <name>memset16.S.obj</name>
      </input_file>
   </input_file_list>
   <object_component_list>
      <object_component id="oc-18">
         <name>.intvecs</name>
         <load_address>0x0</load_address>
         <readonly>true</readonly>
         <run_address>0x0</run_address>
         <size>0xc0</size>
         <alignment>0x4</alignment>
         <input_file_ref idref="fl-3"/>
      </object_component>
      <object_component id="oc-fe">
         <name>.text:__TI_printfi</name>
         <load_address>0xc0</load_address>
         <readonly>true</readonly>
         <executable>true</executable>
         <run_address>0xc0</run_address>
         <size>0xa00</size>
         <alignment>0x4</alignment>
         <input_file_ref idref="fl-2b"/>
      </object_component>
      <object_component id="oc-63">
         <name>.text.main</name>
         <load_address>0xac0</load_address>
         <readonly>true</readonly>
         <executable>true</executable>
         <run_address>0xac0</run_address>
         <size>0x290</size>
         <alignment>0x4</alignment>
         <input_file_ref idref="fl-1"/>
      </object_component>
      <object_component id="oc-12f">
         <name>.text._pconv_a</name>
         <load_address>0xd50</load_address>
         <readonly>true</readonly>
         <executable>true</executable>
         <run_address>0xd50</run_address>
         <size>0x220</size>
         <alignment>0x4</alignment>
         <input_file_ref idref="fl-2b"/>
      </object_component>
      <object_component id="oc-132">
         <name>.text._pconv_g</name>
         <load_address>0xf70</load_address>
         <readonly>true</readonly>
         <executable>true</executable>
         <run_address>0xf70</run_address>
         <size>0x1dc</size>
         <alignment>0x4</alignment>
         <input_file_ref idref="fl-2b"/>
      </object_component>
      <object_component id="oc-17c">
         <name>.text.adddf3_subdf3</name>
         <load_address>0x114c</load_address>
         <readonly>true</readonly>
         <executable>true</executable>
         <run_address>0x114c</run_address>
         <size>0x192</size>
         <alignment>0x4</alignment>
         <input_file_ref idref="fl-b6"/>
      </object_component>
      <object_component id="oc-33">
         <name>.text.Default_Handler</name>
         <load_address>0x12de</load_address>
         <readonly>true</readonly>
         <executable>true</executable>
         <run_address>0x12de</run_address>
         <size>0x2</size>
         <alignment>0x2</alignment>
         <input_file_ref idref="fl-3"/>
      </object_component>
      <object_component id="oc-17b">
         <name>.text.fcvt</name>
         <load_address>0x12e0</load_address>
         <readonly>true</readonly>
         <executable>true</executable>
         <run_address>0x12e0</run_address>
         <size>0x13c</size>
         <alignment>0x4</alignment>
         <input_file_ref idref="fl-2b"/>
      </object_component>
      <object_component id="oc-130">
         <name>.text._pconv_e</name>
         <load_address>0x141c</load_address>
         <readonly>true</readonly>
         <executable>true</executable>
         <run_address>0x141c</run_address>
         <size>0x120</size>
         <alignment>0x4</alignment>
         <input_file_ref idref="fl-2b"/>
      </object_component>
      <object_component id="oc-177">
         <name>.text.__divdf3</name>
         <load_address>0x153c</load_address>
         <readonly>true</readonly>
         <executable>true</executable>
         <run_address>0x153c</run_address>
         <size>0x10c</size>
         <alignment>0x4</alignment>
         <input_file_ref idref="fl-ba"/>
      </object_component>
      <object_component id="oc-16e">
         <name>.text.__muldf3</name>
         <load_address>0x1648</load_address>
         <readonly>true</readonly>
         <executable>true</executable>
         <run_address>0x1648</run_address>
         <size>0xe4</size>
         <alignment>0x4</alignment>
         <input_file_ref idref="fl-b7"/>
      </object_component>
      <object_component id="oc-15d">
         <name>.text.scalbn</name>
         <load_address>0x172c</load_address>
         <readonly>true</readonly>
         <executable>true</executable>
         <run_address>0x172c</run_address>
         <size>0xd8</size>
         <alignment>0x4</alignment>
         <input_file_ref idref="fl-38"/>
      </object_component>
      <object_component id="oc-14c">
         <name>.text</name>
         <load_address>0x1804</load_address>
         <readonly>true</readonly>
         <executable>true</executable>
         <run_address>0x1804</run_address>
         <size>0xa2</size>
         <alignment>0x4</alignment>
         <input_file_ref idref="fl-c6"/>
      </object_component>
      <object_component id="oc-78">
         <name>.text:memcpy</name>
         <load_address>0x18a6</load_address>
         <readonly>true</readonly>
         <executable>true</executable>
         <run_address>0x18a6</run_address>
         <size>0x9a</size>
         <alignment>0x1</alignment>
         <input_file_ref idref="fl-cb"/>
      </object_component>
      <object_component id="oc-90">
         <name>.text.__divsf3</name>
         <load_address>0x1940</load_address>
         <readonly>true</readonly>
         <executable>true</executable>
         <run_address>0x1940</run_address>
         <size>0x82</size>
         <alignment>0x4</alignment>
         <input_file_ref idref="fl-b9"/>
      </object_component>
      <object_component id="oc-136">
         <name>.text.__aeabi_idiv0</name>
         <load_address>0x19c2</load_address>
         <readonly>true</readonly>
         <executable>true</executable>
         <run_address>0x19c2</run_address>
         <size>0x2</size>
         <alignment>0x2</alignment>
         <input_file_ref idref="fl-c9"/>
      </object_component>
      <object_component id="oc-1c">
         <name>.text:decompress:lzss</name>
         <load_address>0x19c4</load_address>
         <readonly>true</readonly>
         <executable>true</executable>
         <run_address>0x19c4</run_address>
         <size>0x78</size>
         <alignment>0x4</alignment>
         <input_file_ref idref="fl-2a"/>
      </object_component>
      <object_component id="oc-157">
         <name>.text.__gedf2</name>
         <load_address>0x1a3c</load_address>
         <readonly>true</readonly>
         <executable>true</executable>
         <run_address>0x1a3c</run_address>
         <size>0x70</size>
         <alignment>0x4</alignment>
         <input_file_ref idref="fl-c8"/>
      </object_component>
      <object_component id="oc-151">
         <name>.text.__ledf2</name>
         <load_address>0x1aac</load_address>
         <readonly>true</readonly>
         <executable>true</executable>
         <run_address>0x1aac</run_address>
         <size>0x6c</size>
         <alignment>0x4</alignment>
         <input_file_ref idref="fl-c8"/>
      </object_component>
      <object_component id="oc-175">
         <name>.text._mcpy</name>
         <load_address>0x1b18</load_address>
         <readonly>true</readonly>
         <executable>true</executable>
         <run_address>0x1b18</run_address>
         <size>0x66</size>
         <alignment>0x2</alignment>
         <input_file_ref idref="fl-2b"/>
      </object_component>
      <object_component id="oc-184">
         <name>.text.__aeabi_ldiv0</name>
         <load_address>0x1b7e</load_address>
         <readonly>true</readonly>
         <executable>true</executable>
         <run_address>0x1b7e</run_address>
         <size>0x2</size>
         <alignment>0x2</alignment>
         <input_file_ref idref="fl-c9"/>
      </object_component>
      <object_component id="oc-12b">
         <name>.text.__aeabi_dcmp</name>
         <load_address>0x1b80</load_address>
         <readonly>true</readonly>
         <executable>true</executable>
         <run_address>0x1b80</run_address>
         <size>0x62</size>
         <alignment>0x4</alignment>
         <input_file_ref idref="fl-c0"/>
      </object_component>
      <object_component id="oc-cc">
         <name>.text:memset</name>
         <load_address>0x1be2</load_address>
         <readonly>true</readonly>
         <executable>true</executable>
         <run_address>0x1be2</run_address>
         <size>0x62</size>
         <alignment>0x1</alignment>
         <input_file_ref idref="fl-cc"/>
      </object_component>
      <object_component id="oc-d2">
         <name>.text.SYSCFG_DL_UART_0_init</name>
         <load_address>0x1c44</load_address>
         <readonly>true</readonly>
         <executable>true</executable>
         <run_address>0x1c44</run_address>
         <size>0x60</size>
         <alignment>0x4</alignment>
         <input_file_ref idref="fl-2"/>
      </object_component>
      <object_component id="oc-86">
         <name>.text.DL_I2C_fillControllerTXFIFO</name>
         <load_address>0x1ca4</load_address>
         <readonly>true</readonly>
         <executable>true</executable>
         <run_address>0x1ca4</run_address>
         <size>0x5e</size>
         <alignment>0x2</alignment>
         <input_file_ref idref="fl-12"/>
      </object_component>
      <object_component id="oc-159">
         <name>.text.frexp</name>
         <load_address>0x1d04</load_address>
         <readonly>true</readonly>
         <executable>true</executable>
         <run_address>0x1d04</run_address>
         <size>0x5c</size>
         <alignment>0x4</alignment>
         <input_file_ref idref="fl-37"/>
      </object_component>
      <object_component id="oc-165">
         <name>.text.__TI_ltoa</name>
         <load_address>0x1d60</load_address>
         <readonly>true</readonly>
         <executable>true</executable>
         <run_address>0x1d60</run_address>
         <size>0x58</size>
         <alignment>0x2</alignment>
         <input_file_ref idref="fl-30"/>
      </object_component>
      <object_component id="oc-131">
         <name>.text._pconv_f</name>
         <load_address>0x1db8</load_address>
         <readonly>true</readonly>
         <executable>true</executable>
         <run_address>0x1db8</run_address>
         <size>0x58</size>
         <alignment>0x2</alignment>
         <input_file_ref idref="fl-2b"/>
      </object_component>
      <object_component id="oc-193">
         <name>.text.__aeabi_idivmod</name>
         <load_address>0x1e10</load_address>
         <readonly>true</readonly>
         <executable>true</executable>
         <run_address>0x1e10</run_address>
         <size>0x56</size>
         <alignment>0x4</alignment>
         <input_file_ref idref="fl-c1"/>
      </object_component>
      <object_component id="oc-9e">
         <name>.text.DL_UART_fillTXFIFO</name>
         <load_address>0x1e68</load_address>
         <readonly>true</readonly>
         <executable>true</executable>
         <run_address>0x1e68</run_address>
         <size>0x54</size>
         <alignment>0x4</alignment>
         <input_file_ref idref="fl-13"/>
      </object_component>
      <object_component id="oc-d1">
         <name>.text.SYSCFG_DL_I2C_init</name>
         <load_address>0x1ebc</load_address>
         <readonly>true</readonly>
         <executable>true</executable>
         <run_address>0x1ebc</run_address>
         <size>0x54</size>
         <alignment>0x4</alignment>
         <input_file_ref idref="fl-2"/>
      </object_component>
      <object_component id="oc-173">
         <name>.text._ecpy</name>
         <load_address>0x1f10</load_address>
         <readonly>true</readonly>
         <executable>true</executable>
         <run_address>0x1f10</run_address>
         <size>0x52</size>
         <alignment>0x2</alignment>
         <input_file_ref idref="fl-2b"/>
      </object_component>
      <object_component id="oc-ce">
         <name>.text.SYSCFG_DL_GPIO_init</name>
         <load_address>0x1f64</load_address>
         <readonly>true</readonly>
         <executable>true</executable>
         <run_address>0x1f64</run_address>
         <size>0x4c</size>
         <alignment>0x4</alignment>
         <input_file_ref idref="fl-2"/>
      </object_component>
      <object_component id="oc-98">
         <name>.text.snprintf</name>
         <load_address>0x1fb0</load_address>
         <readonly>true</readonly>
         <executable>true</executable>
         <run_address>0x1fb0</run_address>
         <size>0x4c</size>
         <alignment>0x4</alignment>
         <input_file_ref idref="fl-22"/>
      </object_component>
      <object_component id="oc-161">
         <name>.text.__fixdfsi</name>
         <load_address>0x1ffc</load_address>
         <readonly>true</readonly>
         <executable>true</executable>
         <run_address>0x1ffc</run_address>
         <size>0x4a</size>
         <alignment>0x4</alignment>
         <input_file_ref idref="fl-bc"/>
      </object_component>
      <object_component id="oc-f4">
         <name>.text.DL_UART_init</name>
         <load_address>0x2048</load_address>
         <readonly>true</readonly>
         <executable>true</executable>
         <run_address>0x2048</run_address>
         <size>0x48</size>
         <alignment>0x4</alignment>
         <input_file_ref idref="fl-13"/>
      </object_component>
      <object_component id="oc-cd">
         <name>.text.SYSCFG_DL_initPower</name>
         <load_address>0x2090</load_address>
         <readonly>true</readonly>
         <executable>true</executable>
         <run_address>0x2090</run_address>
         <size>0x40</size>
         <alignment>0x4</alignment>
         <input_file_ref idref="fl-2"/>
      </object_component>
      <object_component id="oc-10f">
         <name>.text.__aeabi_uidivmod</name>
         <load_address>0x20d0</load_address>
         <readonly>true</readonly>
         <executable>true</executable>
         <run_address>0x20d0</run_address>
         <size>0x40</size>
         <alignment>0x4</alignment>
         <input_file_ref idref="fl-c4"/>
      </object_component>
      <object_component id="oc-94">
         <name>.text.__extendsfdf2</name>
         <load_address>0x2110</load_address>
         <readonly>true</readonly>
         <executable>true</executable>
         <run_address>0x2110</run_address>
         <size>0x40</size>
         <alignment>0x4</alignment>
         <input_file_ref idref="fl-bb"/>
      </object_component>
      <object_component id="oc-115">
         <name>.text.atoi</name>
         <load_address>0x2150</load_address>
         <readonly>true</readonly>
         <executable>true</executable>
         <run_address>0x2150</run_address>
         <size>0x40</size>
         <alignment>0x4</alignment>
         <input_file_ref idref="fl-33"/>
      </object_component>
      <object_component id="oc-b4">
         <name>.text:__TI_auto_init_nobinit_nopinit</name>
         <load_address>0x2190</load_address>
         <readonly>true</readonly>
         <executable>true</executable>
         <run_address>0x2190</run_address>
         <size>0x3c</size>
         <alignment>0x4</alignment>
         <input_file_ref idref="fl-25"/>
      </object_component>
      <object_component id="oc-147">
         <name>.text.__muldsi3</name>
         <load_address>0x21cc</load_address>
         <readonly>true</readonly>
         <executable>true</executable>
         <run_address>0x21cc</run_address>
         <size>0x3a</size>
         <alignment>0x4</alignment>
         <input_file_ref idref="fl-b8"/>
      </object_component>
      <object_component id="oc-cf">
         <name>.text.SYSCFG_DL_SYSCTL_init</name>
         <load_address>0x2208</load_address>
         <readonly>true</readonly>
         <executable>true</executable>
         <run_address>0x2208</run_address>
         <size>0x30</size>
         <alignment>0x4</alignment>
         <input_file_ref idref="fl-2"/>
      </object_component>
      <object_component id="oc-174">
         <name>.text._fcpy</name>
         <load_address>0x2238</load_address>
         <readonly>true</readonly>
         <executable>true</executable>
         <run_address>0x2238</run_address>
         <size>0x30</size>
         <alignment>0x2</alignment>
         <input_file_ref idref="fl-2b"/>
      </object_component>
      <object_component id="oc-de">
         <name>.text._outs</name>
         <load_address>0x2268</load_address>
         <readonly>true</readonly>
         <executable>true</executable>
         <run_address>0x2268</run_address>
         <size>0x30</size>
         <alignment>0x2</alignment>
         <input_file_ref idref="fl-22"/>
      </object_component>
      <object_component id="oc-169">
         <name>.text.__floatsidf</name>
         <load_address>0x2298</load_address>
         <readonly>true</readonly>
         <executable>true</executable>
         <run_address>0x2298</run_address>
         <size>0x2c</size>
         <alignment>0x4</alignment>
         <input_file_ref idref="fl-bd"/>
      </object_component>
      <object_component id="oc-8c">
         <name>.text.__floatunsisf</name>
         <load_address>0x22c4</load_address>
         <readonly>true</readonly>
         <executable>true</executable>
         <run_address>0x22c4</run_address>
         <size>0x28</size>
         <alignment>0x4</alignment>
         <input_file_ref idref="fl-be"/>
      </object_component>
      <object_component id="oc-4f">
         <name>.text:_c_int00_noargs</name>
         <load_address>0x22ec</load_address>
         <readonly>true</readonly>
         <executable>true</executable>
         <run_address>0x22ec</run_address>
         <size>0x28</size>
         <alignment>0x4</alignment>
         <input_file_ref idref="fl-23"/>
      </object_component>
      <object_component id="oc-f1">
         <name>.text.DL_I2C_setClockConfig</name>
         <load_address>0x2314</load_address>
         <readonly>true</readonly>
         <executable>true</executable>
         <run_address>0x2314</run_address>
         <size>0x26</size>
         <alignment>0x2</alignment>
         <input_file_ref idref="fl-12"/>
      </object_component>
      <object_component id="oc-122">
         <name>.text.__muldi3</name>
         <load_address>0x233c</load_address>
         <readonly>true</readonly>
         <executable>true</executable>
         <run_address>0x233c</run_address>
         <size>0x24</size>
         <alignment>0x4</alignment>
         <input_file_ref idref="fl-bf"/>
      </object_component>
      <object_component id="oc-10a">
         <name>.text.memccpy</name>
         <load_address>0x2360</load_address>
         <readonly>true</readonly>
         <executable>true</executable>
         <run_address>0x2360</run_address>
         <size>0x22</size>
         <alignment>0x2</alignment>
         <input_file_ref idref="fl-35"/>
      </object_component>
      <object_component id="oc-185">
         <name>.text.__ashldi3</name>
         <load_address>0x2384</load_address>
         <readonly>true</readonly>
         <executable>true</executable>
         <run_address>0x2384</run_address>
         <size>0x1e</size>
         <alignment>0x4</alignment>
         <input_file_ref idref="fl-c7"/>
      </object_component>
      <object_component id="oc-7d">
         <name>.text.SYSCFG_DL_init</name>
         <load_address>0x23a2</load_address>
         <readonly>true</readonly>
         <executable>true</executable>
         <run_address>0x23a2</run_address>
         <size>0x18</size>
         <alignment>0x2</alignment>
         <input_file_ref idref="fl-2"/>
      </object_component>
      <object_component id="oc-df">
         <name>.text._outc</name>
         <load_address>0x23ba</load_address>
         <readonly>true</readonly>
         <executable>true</executable>
         <run_address>0x23ba</run_address>
         <size>0x18</size>
         <alignment>0x2</alignment>
         <input_file_ref idref="fl-22"/>
      </object_component>
      <object_component id="oc-46">
         <name>.text:decompress:ZI:__TI_zero_init_nomemset</name>
         <load_address>0x23d2</load_address>
         <readonly>true</readonly>
         <executable>true</executable>
         <run_address>0x23d2</run_address>
         <size>0x16</size>
         <alignment>0x2</alignment>
         <input_file_ref idref="fl-28"/>
      </object_component>
      <object_component id="oc-127">
         <name>.text.__aeabi_uldivmod</name>
         <load_address>0x23e8</load_address>
         <readonly>true</readonly>
         <executable>true</executable>
         <run_address>0x23e8</run_address>
         <size>0x14</size>
         <alignment>0x4</alignment>
         <input_file_ref idref="fl-c5"/>
      </object_component>
      <object_component id="oc-172">
         <name>.text.strchr</name>
         <load_address>0x23fc</load_address>
         <readonly>true</readonly>
         <executable>true</executable>
         <run_address>0x23fc</run_address>
         <size>0x14</size>
         <alignment>0x2</alignment>
         <input_file_ref idref="fl-2b"/>
      </object_component>
      <object_component id="oc-f3">
         <name>.text.DL_UART_setClockConfig</name>
         <load_address>0x2410</load_address>
         <readonly>true</readonly>
         <executable>true</executable>
         <run_address>0x2410</run_address>
         <size>0x12</size>
         <alignment>0x2</alignment>
         <input_file_ref idref="fl-13"/>
      </object_component>
      <object_component id="oc-20">
         <name>.text:decompress:none</name>
         <load_address>0x2422</load_address>
         <readonly>true</readonly>
         <executable>true</executable>
         <run_address>0x2422</run_address>
         <size>0x12</size>
         <alignment>0x2</alignment>
         <input_file_ref idref="fl-29"/>
      </object_component>
      <object_component id="oc-119">
         <name>.text.wcslen</name>
         <load_address>0x2434</load_address>
         <readonly>true</readonly>
         <executable>true</executable>
         <run_address>0x2434</run_address>
         <size>0x10</size>
         <alignment>0x2</alignment>
         <input_file_ref idref="fl-2c"/>
      </object_component>
      <object_component id="oc-109">
         <name>.text.__aeabi_memset</name>
         <load_address>0x2444</load_address>
         <readonly>true</readonly>
         <executable>true</executable>
         <run_address>0x2444</run_address>
         <size>0xe</size>
         <alignment>0x4</alignment>
         <input_file_ref idref="fl-c3"/>
      </object_component>
      <object_component id="oc-108">
         <name>.text.strlen</name>
         <load_address>0x2452</load_address>
         <readonly>true</readonly>
         <executable>true</executable>
         <run_address>0x2452</run_address>
         <size>0xe</size>
         <alignment>0x2</alignment>
         <input_file_ref idref="fl-2b"/>
      </object_component>
      <object_component id="oc-82">
         <name>.text.DL_Common_delayCycles</name>
         <load_address>0x2460</load_address>
         <readonly>true</readonly>
         <executable>true</executable>
         <run_address>0x2460</run_address>
         <size>0xa</size>
         <alignment>0x2</alignment>
         <input_file_ref idref="fl-11"/>
      </object_component>
      <object_component id="oc-16d">
         <name>.text.OUTLINED_FUNCTION_0</name>
         <load_address>0x246a</load_address>
         <readonly>true</readonly>
         <executable>true</executable>
         <run_address>0x246a</run_address>
         <size>0xa</size>
         <alignment>0x2</alignment>
         <input_file_ref idref="fl-2b"/>
      </object_component>
      <object_component id="oc-1e7">
         <name>.tramp.__aeabi_dsub.1</name>
         <load_address>0x2474</load_address>
         <readonly>true</readonly>
         <executable>true</executable>
         <run_address>0x2474</run_address>
         <size>0x10</size>
         <alignment>0x4</alignment>
         <input_file_ref idref="fl-b6"/>
      </object_component>
      <object_component id="oc-176">
         <name>.text.OUTLINED_FUNCTION_1</name>
         <load_address>0x2484</load_address>
         <readonly>true</readonly>
         <executable>true</executable>
         <run_address>0x2484</run_address>
         <size>0xa</size>
         <alignment>0x2</alignment>
         <input_file_ref idref="fl-2b"/>
      </object_component>
      <object_component id="oc-11d">
         <name>.text.__aeabi_errno_addr</name>
         <load_address>0x2490</load_address>
         <readonly>true</readonly>
         <executable>true</executable>
         <run_address>0x2490</run_address>
         <size>0x8</size>
         <alignment>0x4</alignment>
         <input_file_ref idref="fl-2d"/>
      </object_component>
      <object_component id="oc-3f">
         <name>.text.__aeabi_memcpy</name>
         <load_address>0x2498</load_address>
         <readonly>true</readonly>
         <executable>true</executable>
         <run_address>0x2498</run_address>
         <size>0x8</size>
         <alignment>0x4</alignment>
         <input_file_ref idref="fl-c2"/>
      </object_component>
      <object_component id="oc-2f">
         <name>.text.Reset_Handler</name>
         <load_address>0x24a0</load_address>
         <readonly>true</readonly>
         <executable>true</executable>
         <run_address>0x24a0</run_address>
         <size>0x4</size>
         <alignment>0x2</alignment>
         <input_file_ref idref="fl-3"/>
      </object_component>
      <object_component id="oc-5f">
         <name>.text._system_pre_init</name>
         <load_address>0x24a4</load_address>
         <readonly>true</readonly>
         <executable>true</executable>
         <run_address>0x24a4</run_address>
         <size>0x4</size>
         <alignment>0x2</alignment>
         <input_file_ref idref="fl-26"/>
      </object_component>
      <object_component id="oc-ad">
         <name>.text:abort</name>
         <load_address>0x24a8</load_address>
         <readonly>true</readonly>
         <executable>true</executable>
         <run_address>0x24a8</run_address>
         <size>0x4</size>
         <alignment>0x2</alignment>
         <input_file_ref idref="fl-2e"/>
      </object_component>
      <object_component id="oc-1e1">
         <name>__TI_handler_table</name>
         <load_address>0x25f0</load_address>
         <readonly>true</readonly>
         <run_address>0x25f0</run_address>
         <size>0xc</size>
         <alignment>0x4</alignment>
      </object_component>
      <object_component id="oc-1e3">
         <name>.cinit..data.load</name>
         <load_address>0x25fc</load_address>
         <readonly>true</readonly>
         <run_address>0x25fc</run_address>
         <size>0x9</size>
         <alignment>0x1</alignment>
      </object_component>
      <object_component id="oc-1e4">
         <name>.cinit..bss.load</name>
         <load_address>0x2608</load_address>
         <readonly>true</readonly>
         <run_address>0x2608</run_address>
         <size>0x8</size>
         <alignment>0x4</alignment>
      </object_component>
      <object_component id="oc-1e2">
         <name>__TI_cinit_table</name>
         <load_address>0x2610</load_address>
         <readonly>true</readonly>
         <run_address>0x2610</run_address>
         <size>0x10</size>
         <alignment>0x4</alignment>
      </object_component>
      <object_component id="oc-13c">
         <name>.rodata:__aeabi_ctype_table_</name>
         <load_address>0x24b0</load_address>
         <readonly>true</readonly>
         <run_address>0x24b0</run_address>
         <size>0x101</size>
         <alignment>0x10</alignment>
         <input_file_ref idref="fl-3e"/>
      </object_component>
      <object_component id="oc-126">
         <name>.rodata.str1.11645776875810915891</name>
         <load_address>0x25b1</load_address>
         <readonly>true</readonly>
         <run_address>0x25b1</run_address>
         <size>0x11</size>
         <alignment>0x1</alignment>
         <input_file_ref idref="fl-2b"/>
      </object_component>
      <object_component id="oc-10e">
         <name>.rodata.str1.44690500295887128011</name>
         <load_address>0x25c2</load_address>
         <readonly>true</readonly>
         <run_address>0x25c2</run_address>
         <size>0x11</size>
         <alignment>0x1</alignment>
         <input_file_ref idref="fl-2b"/>
      </object_component>
      <object_component id="oc-a9">
         <name>.rodata.str1.22746396042973679491</name>
         <load_address>0x25d3</load_address>
         <readonly>true</readonly>
         <run_address>0x25d3</run_address>
         <size>0xb</size>
         <alignment>0x1</alignment>
         <input_file_ref idref="fl-1"/>
      </object_component>
      <object_component id="oc-f6">
         <name>.rodata.gUART_0Config</name>
         <load_address>0x25de</load_address>
         <readonly>true</readonly>
         <run_address>0x25de</run_address>
         <size>0xa</size>
         <alignment>0x2</alignment>
         <input_file_ref idref="fl-2"/>
      </object_component>
      <object_component id="oc-f2">
         <name>.rodata.gI2CClockConfig</name>
         <load_address>0x25e8</load_address>
         <readonly>true</readonly>
         <run_address>0x25e8</run_address>
         <size>0x2</size>
         <alignment>0x1</alignment>
         <input_file_ref idref="fl-2"/>
      </object_component>
      <object_component id="oc-f5">
         <name>.rodata.gUART_0ClockConfig</name>
         <load_address>0x25ea</load_address>
         <readonly>true</readonly>
         <run_address>0x25ea</run_address>
         <size>0x2</size>
         <alignment>0x1</alignment>
         <input_file_ref idref="fl-2"/>
      </object_component>
      <object_component id="oc-1a9">
         <name>.binit</name>
         <load_address>0x0</load_address>
         <readonly>true</readonly>
         <run_address>0x0</run_address>
         <size>0x0</size>
         <alignment>0x4</alignment>
      </object_component>
      <object_component id="oc-a5">
         <name>.data.cmd</name>
         <load_address>0x20200010</load_address>
         <readwrite>true</readwrite>
         <run_address>0x20200010</run_address>
         <size>0x1</size>
         <alignment>0x1</alignment>
         <input_file_ref idref="fl-1"/>
      </object_component>
      <object_component id="oc-a4">
         <name>.data.on_cmd</name>
         <load_address>0x20200011</load_address>
         <readwrite>true</readwrite>
         <run_address>0x20200011</run_address>
         <size>0x1</size>
         <alignment>0x1</alignment>
         <input_file_ref idref="fl-1"/>
      </object_component>
      <object_component id="oc-143">
         <name>.data.__aeabi_errno</name>
         <load_address>0x2020000c</load_address>
         <readwrite>true</readwrite>
         <run_address>0x2020000c</run_address>
         <size>0x4</size>
         <alignment>0x4</alignment>
         <input_file_ref idref="fl-2d"/>
      </object_component>
      <object_component id="oc-a6">
         <name>.common:gRxPacket</name>
         <uninitialized>true</uninitialized>
         <readwrite>true</readwrite>
         <run_address>0x20200008</run_address>
         <size>0x2</size>
         <alignment>0x1</alignment>
      </object_component>
      <object_component id="oc-a7">
         <name>.common:raw</name>
         <uninitialized>true</uninitialized>
         <readwrite>true</readwrite>
         <run_address>0x2020000a</run_address>
         <size>0x2</size>
         <alignment>0x2</alignment>
      </object_component>
      <object_component id="oc-a8">
         <name>.common:lux</name>
         <uninitialized>true</uninitialized>
         <readwrite>true</readwrite>
         <run_address>0x20200004</run_address>
         <size>0x4</size>
         <alignment>0x4</alignment>
      </object_component>
      <object_component id="oc-aa">
         <name>.common:int_lux</name>
         <uninitialized>true</uninitialized>
         <readwrite>true</readwrite>
         <run_address>0x20200000</run_address>
         <size>0x4</size>
         <alignment>0x4</alignment>
      </object_component>
      <object_component id="oc-1a">
         <name>.stack</name>
         <uninitialized>true</uninitialized>
         <readwrite>true</readwrite>
         <run_address>0x20207e00</run_address>
         <size>0x4</size>
         <alignment>0x4</alignment>
         <input_file_ref idref="fl-23"/>
      </object_component>
      <object_component id="oc-1e6">
         <name>.stack</name>
         <uninitialized>true</uninitialized>
         <readwrite>true</readwrite>
         <run_address>0x20207e00</run_address>
         <size>0x0</size>
         <alignment>0x8</alignment>
      </object_component>
      <object_component id="oc-64">
         <name>.debug_loc</name>
         <load_address>0x0</load_address>
         <run_address>0x0</run_address>
         <size>0x1cb</size>
         <alignment>0x1</alignment>
         <input_file_ref idref="fl-1"/>
      </object_component>
      <object_component id="oc-d0">
         <name>.debug_loc</name>
         <load_address>0x1cb</load_address>
         <run_address>0x1cb</run_address>
         <size>0xe3</size>
         <alignment>0x1</alignment>
         <input_file_ref idref="fl-2"/>
      </object_component>
      <object_component id="oc-d7">
         <name>.debug_loc</name>
         <load_address>0x2ae</load_address>
         <run_address>0x2ae</run_address>
         <size>0x13</size>
         <alignment>0x1</alignment>
         <input_file_ref idref="fl-11"/>
      </object_component>
      <object_component id="oc-87">
         <name>.debug_loc</name>
         <load_address>0x2c1</load_address>
         <run_address>0x2c1</run_address>
         <size>0x352</size>
         <alignment>0x1</alignment>
         <input_file_ref idref="fl-12"/>
      </object_component>
      <object_component id="oc-9f">
         <name>.debug_loc</name>
         <load_address>0x613</load_address>
         <run_address>0x613</run_address>
         <size>0x7bc</size>
         <alignment>0x1</alignment>
         <input_file_ref idref="fl-13"/>
      </object_component>
      <object_component id="oc-99">
         <name>.debug_loc</name>
         <load_address>0xdcf</load_address>
         <run_address>0xdcf</run_address>
         <size>0x193</size>
         <alignment>0x1</alignment>
         <input_file_ref idref="fl-22"/>
      </object_component>
      <object_component id="oc-3a">
         <name>.debug_loc</name>
         <load_address>0xf62</load_address>
         <run_address>0xf62</run_address>
         <size>0xd8</size>
         <alignment>0x1</alignment>
         <input_file_ref idref="fl-23"/>
      </object_component>
      <object_component id="oc-b5">
         <name>.debug_loc</name>
         <load_address>0x103a</load_address>
         <run_address>0x103a</run_address>
         <size>0x480</size>
         <alignment>0x1</alignment>
         <input_file_ref idref="fl-25"/>
      </object_component>
      <object_component id="oc-47">
         <name>.debug_loc</name>
         <load_address>0x14ba</load_address>
         <run_address>0x14ba</run_address>
         <size>0x16c</size>
         <alignment>0x1</alignment>
         <input_file_ref idref="fl-28"/>
      </object_component>
      <object_component id="oc-45">
         <name>.debug_loc</name>
         <load_address>0x1626</load_address>
         <run_address>0x1626</run_address>
         <size>0x6f</size>
         <alignment>0x1</alignment>
         <input_file_ref idref="fl-29"/>
      </object_component>
      <object_component id="oc-3d">
         <name>.debug_loc</name>
         <load_address>0x1695</load_address>
         <run_address>0x1695</run_address>
         <size>0x166</size>
         <alignment>0x1</alignment>
         <input_file_ref idref="fl-2a"/>
      </object_component>
      <object_component id="oc-f8">
         <name>.debug_loc</name>
         <load_address>0x17fb</load_address>
         <run_address>0x17fb</run_address>
         <size>0x33d1</size>
         <alignment>0x1</alignment>
         <input_file_ref idref="fl-2b"/>
      </object_component>
      <object_component id="oc-142">
         <name>.debug_loc</name>
         <load_address>0x4bcc</load_address>
         <run_address>0x4bcc</run_address>
         <size>0x33</size>
         <alignment>0x1</alignment>
         <input_file_ref idref="fl-2c"/>
      </object_component>
      <object_component id="oc-146">
         <name>.debug_loc</name>
         <load_address>0x4bff</load_address>
         <run_address>0x4bff</run_address>
         <size>0x101</size>
         <alignment>0x1</alignment>
         <input_file_ref idref="fl-2d"/>
      </object_component>
      <object_component id="oc-b3">
         <name>.debug_loc</name>
         <load_address>0x4d00</load_address>
         <run_address>0x4d00</run_address>
         <size>0x26</size>
         <alignment>0x1</alignment>
         <input_file_ref idref="fl-2e"/>
      </object_component>
      <object_component id="oc-199">
         <name>.debug_loc</name>
         <load_address>0x4d26</load_address>
         <run_address>0x4d26</run_address>
         <size>0x8f</size>
         <alignment>0x1</alignment>
         <input_file_ref idref="fl-30"/>
      </object_component>
      <object_component id="oc-13f">
         <name>.debug_loc</name>
         <load_address>0x4db5</load_address>
         <run_address>0x4db5</run_address>
         <size>0x66</size>
         <alignment>0x1</alignment>
         <input_file_ref idref="fl-33"/>
      </object_component>
      <object_component id="oc-135">
         <name>.debug_loc</name>
         <load_address>0x4e1b</load_address>
         <run_address>0x4e1b</run_address>
         <size>0xbf</size>
         <alignment>0x1</alignment>
         <input_file_ref idref="fl-35"/>
      </object_component>
      <object_component id="oc-18e">
         <name>.debug_loc</name>
         <load_address>0x4eda</load_address>
         <run_address>0x4eda</run_address>
         <size>0x9c</size>
         <alignment>0x1</alignment>
         <input_file_ref idref="fl-37"/>
      </object_component>
      <object_component id="oc-191">
         <name>.debug_loc</name>
         <load_address>0x4f76</load_address>
         <run_address>0x4f76</run_address>
         <size>0x127</size>
         <alignment>0x1</alignment>
         <input_file_ref idref="fl-38"/>
      </object_component>
      <object_component id="oc-152">
         <name>.debug_loc</name>
         <load_address>0x509d</load_address>
         <run_address>0x509d</run_address>
         <size>0x440</size>
         <alignment>0x1</alignment>
         <input_file_ref idref="fl-c8"/>
      </object_component>
      <object_component id="oc-182">
         <name>.debug_loc</name>
         <load_address>0x54dd</load_address>
         <run_address>0x54dd</run_address>
         <size>0x20</size>
         <alignment>0x1</alignment>
         <input_file_ref idref="fl-c9"/>
      </object_component>
      <object_component id="oc-ab">
         <name>.debug_abbrev</name>
         <load_address>0x0</load_address>
         <run_address>0x0</run_address>
         <size>0x225</size>
         <alignment>0x1</alignment>
         <input_file_ref idref="fl-1"/>
      </object_component>
      <object_component id="oc-d3">
         <name>.debug_abbrev</name>
         <load_address>0x225</load_address>
         <run_address>0x225</run_address>
         <size>0x1cb</size>
         <alignment>0x1</alignment>
         <input_file_ref idref="fl-2"/>
      </object_component>
      <object_component id="oc-34">
         <name>.debug_abbrev</name>
         <load_address>0x3f0</load_address>
         <run_address>0x3f0</run_address>
         <size>0x6d</size>
         <alignment>0x1</alignment>
         <input_file_ref idref="fl-3"/>
      </object_component>
      <object_component id="oc-d5">
         <name>.debug_abbrev</name>
         <load_address>0x45d</load_address>
         <run_address>0x45d</run_address>
         <size>0x62</size>
         <alignment>0x1</alignment>
         <input_file_ref idref="fl-11"/>
      </object_component>
      <object_component id="oc-d8">
         <name>.debug_abbrev</name>
         <load_address>0x4bf</load_address>
         <run_address>0x4bf</run_address>
         <size>0x1e7</size>
         <alignment>0x1</alignment>
         <input_file_ref idref="fl-12"/>
      </object_component>
      <object_component id="oc-e2">
         <name>.debug_abbrev</name>
         <load_address>0x6a6</load_address>
         <run_address>0x6a6</run_address>
         <size>0x29b</size>
         <alignment>0x1</alignment>
         <input_file_ref idref="fl-13"/>
      </object_component>
      <object_component id="oc-e0">
         <name>.debug_abbrev</name>
         <load_address>0x941</load_address>
         <run_address>0x941</run_address>
         <size>0xf7</size>
         <alignment>0x1</alignment>
         <input_file_ref idref="fl-22"/>
      </object_component>
      <object_component id="oc-36">
         <name>.debug_abbrev</name>
         <load_address>0xa38</load_address>
         <run_address>0xa38</run_address>
         <size>0xaf</size>
         <alignment>0x1</alignment>
         <input_file_ref idref="fl-23"/>
      </object_component>
      <object_component id="oc-ea">
         <name>.debug_abbrev</name>
         <load_address>0xae7</load_address>
         <run_address>0xae7</run_address>
         <size>0x186</size>
         <alignment>0x1</alignment>
         <input_file_ref idref="fl-25"/>
      </object_component>
      <object_component id="oc-7b">
         <name>.debug_abbrev</name>
         <load_address>0xc6d</load_address>
         <run_address>0xc6d</run_address>
         <size>0x39</size>
         <alignment>0x1</alignment>
         <input_file_ref idref="fl-26"/>
      </object_component>
      <object_component id="oc-58">
         <name>.debug_abbrev</name>
         <load_address>0xca6</load_address>
         <run_address>0xca6</run_address>
         <size>0xc2</size>
         <alignment>0x1</alignment>
         <input_file_ref idref="fl-28"/>
      </object_component>
      <object_component id="oc-43">
         <name>.debug_abbrev</name>
         <load_address>0xd68</load_address>
         <run_address>0xd68</run_address>
         <size>0x70</size>
         <alignment>0x1</alignment>
         <input_file_ref idref="fl-29"/>
      </object_component>
      <object_component id="oc-3b">
         <name>.debug_abbrev</name>
         <load_address>0xdd8</load_address>
         <run_address>0xdd8</run_address>
         <size>0x8d</size>
         <alignment>0x1</alignment>
         <input_file_ref idref="fl-2a"/>
      </object_component>
      <object_component id="oc-113">
         <name>.debug_abbrev</name>
         <load_address>0xe65</load_address>
         <run_address>0xe65</run_address>
         <size>0x2f5</size>
         <alignment>0x1</alignment>
         <input_file_ref idref="fl-2b"/>
      </object_component>
      <object_component id="oc-140">
         <name>.debug_abbrev</name>
         <load_address>0x115a</load_address>
         <run_address>0x115a</run_address>
         <size>0x72</size>
         <alignment>0x1</alignment>
         <input_file_ref idref="fl-2c"/>
      </object_component>
      <object_component id="oc-144">
         <name>.debug_abbrev</name>
         <load_address>0x11cc</load_address>
         <run_address>0x11cc</run_address>
         <size>0x12a</size>
         <alignment>0x1</alignment>
         <input_file_ref idref="fl-2d"/>
      </object_component>
      <object_component id="oc-e4">
         <name>.debug_abbrev</name>
         <load_address>0x12f6</load_address>
         <run_address>0x12f6</run_address>
         <size>0xb3</size>
         <alignment>0x1</alignment>
         <input_file_ref idref="fl-2e"/>
      </object_component>
      <object_component id="oc-197">
         <name>.debug_abbrev</name>
         <load_address>0x13a9</load_address>
         <run_address>0x13a9</run_address>
         <size>0x95</size>
         <alignment>0x1</alignment>
         <input_file_ref idref="fl-30"/>
      </object_component>
      <object_component id="oc-13d">
         <name>.debug_abbrev</name>
         <load_address>0x143e</load_address>
         <run_address>0x143e</run_address>
         <size>0x72</size>
         <alignment>0x1</alignment>
         <input_file_ref idref="fl-33"/>
      </object_component>
      <object_component id="oc-133">
         <name>.debug_abbrev</name>
         <load_address>0x14b0</load_address>
         <run_address>0x14b0</run_address>
         <size>0x8b</size>
         <alignment>0x1</alignment>
         <input_file_ref idref="fl-35"/>
      </object_component>
      <object_component id="oc-18c">
         <name>.debug_abbrev</name>
         <load_address>0x153b</load_address>
         <run_address>0x153b</run_address>
         <size>0x81</size>
         <alignment>0x1</alignment>
         <input_file_ref idref="fl-37"/>
      </object_component>
      <object_component id="oc-18f">
         <name>.debug_abbrev</name>
         <load_address>0x15bc</load_address>
         <run_address>0x15bc</run_address>
         <size>0x88</size>
         <alignment>0x1</alignment>
         <input_file_ref idref="fl-38"/>
      </object_component>
      <object_component id="oc-19d">
         <name>.debug_abbrev</name>
         <load_address>0x1644</load_address>
         <run_address>0x1644</run_address>
         <size>0x27</size>
         <alignment>0x1</alignment>
         <input_file_ref idref="fl-b6"/>
      </object_component>
      <object_component id="oc-19b">
         <name>.debug_abbrev</name>
         <load_address>0x166b</load_address>
         <run_address>0x166b</run_address>
         <size>0x27</size>
         <alignment>0x1</alignment>
         <input_file_ref idref="fl-b7"/>
      </object_component>
      <object_component id="oc-183">
         <name>.debug_abbrev</name>
         <load_address>0x1692</load_address>
         <run_address>0x1692</run_address>
         <size>0x27</size>
         <alignment>0x1</alignment>
         <input_file_ref idref="fl-b8"/>
      </object_component>
      <object_component id="oc-db">
         <name>.debug_abbrev</name>
         <load_address>0x16b9</load_address>
         <run_address>0x16b9</run_address>
         <size>0x27</size>
         <alignment>0x1</alignment>
         <input_file_ref idref="fl-b9"/>
      </object_component>
      <object_component id="oc-19c">
         <name>.debug_abbrev</name>
         <load_address>0x16e0</load_address>
         <run_address>0x16e0</run_address>
         <size>0x27</size>
         <alignment>0x1</alignment>
         <input_file_ref idref="fl-ba"/>
      </object_component>
      <object_component id="oc-dc">
         <name>.debug_abbrev</name>
         <load_address>0x1707</load_address>
         <run_address>0x1707</run_address>
         <size>0x27</size>
         <alignment>0x1</alignment>
         <input_file_ref idref="fl-bb"/>
      </object_component>
      <object_component id="oc-192">
         <name>.debug_abbrev</name>
         <load_address>0x172e</load_address>
         <run_address>0x172e</run_address>
         <size>0x27</size>
         <alignment>0x1</alignment>
         <input_file_ref idref="fl-bc"/>
      </object_component>
      <object_component id="oc-19a">
         <name>.debug_abbrev</name>
         <load_address>0x1755</load_address>
         <run_address>0x1755</run_address>
         <size>0x27</size>
         <alignment>0x1</alignment>
         <input_file_ref idref="fl-bd"/>
      </object_component>
      <object_component id="oc-da">
         <name>.debug_abbrev</name>
         <load_address>0x177c</load_address>
         <run_address>0x177c</run_address>
         <size>0x27</size>
         <alignment>0x1</alignment>
         <input_file_ref idref="fl-be"/>
      </object_component>
      <object_component id="oc-14b">
         <name>.debug_abbrev</name>
         <load_address>0x17a3</load_address>
         <run_address>0x17a3</run_address>
         <size>0x27</size>
         <alignment>0x1</alignment>
         <input_file_ref idref="fl-bf"/>
      </object_component>
      <object_component id="oc-158">
         <name>.debug_abbrev</name>
         <load_address>0x17ca</load_address>
         <run_address>0x17ca</run_address>
         <size>0x27</size>
         <alignment>0x1</alignment>
         <input_file_ref idref="fl-c0"/>
      </object_component>
      <object_component id="oc-19f">
         <name>.debug_abbrev</name>
         <load_address>0x17f1</load_address>
         <run_address>0x17f1</run_address>
         <size>0x27</size>
         <alignment>0x1</alignment>
         <input_file_ref idref="fl-c1"/>
      </object_component>
      <object_component id="oc-57">
         <name>.debug_abbrev</name>
         <load_address>0x1818</load_address>
         <run_address>0x1818</run_address>
         <size>0x27</size>
         <alignment>0x1</alignment>
         <input_file_ref idref="fl-c2"/>
      </object_component>
      <object_component id="oc-7a">
         <name>.debug_abbrev</name>
         <load_address>0x183f</load_address>
         <run_address>0x183f</run_address>
         <size>0x25</size>
         <alignment>0x1</alignment>
         <input_file_ref idref="fl-c3"/>
      </object_component>
      <object_component id="oc-13b">
         <name>.debug_abbrev</name>
         <load_address>0x1864</load_address>
         <run_address>0x1864</run_address>
         <size>0x27</size>
         <alignment>0x1</alignment>
         <input_file_ref idref="fl-c4"/>
      </object_component>
      <object_component id="oc-150">
         <name>.debug_abbrev</name>
         <load_address>0x188b</load_address>
         <run_address>0x188b</run_address>
         <size>0x27</size>
         <alignment>0x1</alignment>
         <input_file_ref idref="fl-c5"/>
      </object_component>
      <object_component id="oc-189">
         <name>.debug_abbrev</name>
         <load_address>0x18b2</load_address>
         <run_address>0x18b2</run_address>
         <size>0x27</size>
         <alignment>0x1</alignment>
         <input_file_ref idref="fl-c6"/>
      </object_component>
      <object_component id="oc-19e">
         <name>.debug_abbrev</name>
         <load_address>0x18d9</load_address>
         <run_address>0x18d9</run_address>
         <size>0x27</size>
         <alignment>0x1</alignment>
         <input_file_ref idref="fl-c7"/>
      </object_component>
      <object_component id="oc-18a">
         <name>.debug_abbrev</name>
         <load_address>0x1900</load_address>
         <run_address>0x1900</run_address>
         <size>0xb7</size>
         <alignment>0x1</alignment>
         <input_file_ref idref="fl-c8"/>
      </object_component>
      <object_component id="oc-180">
         <name>.debug_abbrev</name>
         <load_address>0x19b7</load_address>
         <run_address>0x19b7</run_address>
         <size>0x59</size>
         <alignment>0x1</alignment>
         <input_file_ref idref="fl-c9"/>
      </object_component>
      <object_component id="oc-c6">
         <name>.debug_abbrev</name>
         <load_address>0x1a10</load_address>
         <run_address>0x1a10</run_address>
         <size>0x25</size>
         <alignment>0x1</alignment>
         <input_file_ref idref="fl-cb"/>
      </object_component>
      <object_component id="oc-f0">
         <name>.debug_abbrev</name>
         <load_address>0x1a35</load_address>
         <run_address>0x1a35</run_address>
         <size>0x25</size>
         <alignment>0x1</alignment>
         <input_file_ref idref="fl-cc"/>
      </object_component>
      <object_component id="oc-1e9">
         <name>.debug_abbrev</name>
         <load_address>0x1a5a</load_address>
         <run_address>0x1a5a</run_address>
         <size>0x23</size>
         <alignment>0x0</alignment>
      </object_component>
      <object_component id="oc-65">
         <name>.debug_info</name>
         <load_address>0x0</load_address>
         <run_address>0x0</run_address>
         <size>0x160e</size>
         <alignment>0x1</alignment>
         <input_file_ref idref="fl-1"/>
      </object_component>
      <object_component id="oc-7e">
         <name>.debug_info</name>
         <load_address>0x160e</load_address>
         <run_address>0x160e</run_address>
         <size>0x2326</size>
         <alignment>0x1</alignment>
         <input_file_ref idref="fl-2"/>
      </object_component>
      <object_component id="oc-19">
         <name>.debug_info</name>
         <load_address>0x3934</load_address>
         <run_address>0x3934</run_address>
         <size>0x80</size>
         <alignment>0x1</alignment>
         <input_file_ref idref="fl-3"/>
      </object_component>
      <object_component id="oc-83">
         <name>.debug_info</name>
         <load_address>0x39b4</load_address>
         <run_address>0x39b4</run_address>
         <size>0x75</size>
         <alignment>0x1</alignment>
         <input_file_ref idref="fl-11"/>
      </object_component>
      <object_component id="oc-88">
         <name>.debug_info</name>
         <load_address>0x3a29</load_address>
         <run_address>0x3a29</run_address>
         <size>0xcc2</size>
         <alignment>0x1</alignment>
         <input_file_ref idref="fl-12"/>
      </object_component>
      <object_component id="oc-a0">
         <name>.debug_info</name>
         <load_address>0x46eb</load_address>
         <run_address>0x46eb</run_address>
         <size>0x12a6</size>
         <alignment>0x1</alignment>
         <input_file_ref idref="fl-13"/>
      </object_component>
      <object_component id="oc-9a">
         <name>.debug_info</name>
         <load_address>0x5991</load_address>
         <run_address>0x5991</run_address>
         <size>0x1f6</size>
         <alignment>0x1</alignment>
         <input_file_ref idref="fl-22"/>
      </object_component>
      <object_component id="oc-1b">
         <name>.debug_info</name>
         <load_address>0x5b87</load_address>
         <run_address>0x5b87</run_address>
         <size>0x423</size>
         <alignment>0x1</alignment>
         <input_file_ref idref="fl-23"/>
      </object_component>
      <object_component id="oc-b6">
         <name>.debug_info</name>
         <load_address>0x5faa</load_address>
         <run_address>0x5faa</run_address>
         <size>0x74a</size>
         <alignment>0x1</alignment>
         <input_file_ref idref="fl-25"/>
      </object_component>
      <object_component id="oc-60">
         <name>.debug_info</name>
         <load_address>0x66f4</load_address>
         <run_address>0x66f4</run_address>
         <size>0x46</size>
         <alignment>0x1</alignment>
         <input_file_ref idref="fl-26"/>
      </object_component>
      <object_component id="oc-48">
         <name>.debug_info</name>
         <load_address>0x673a</load_address>
         <run_address>0x673a</run_address>
         <size>0x192</size>
         <alignment>0x1</alignment>
         <input_file_ref idref="fl-28"/>
      </object_component>
      <object_component id="oc-21">
         <name>.debug_info</name>
         <load_address>0x68cc</load_address>
         <run_address>0x68cc</run_address>
         <size>0xc6</size>
         <alignment>0x1</alignment>
         <input_file_ref idref="fl-29"/>
      </object_component>
      <object_component id="oc-1d">
         <name>.debug_info</name>
         <load_address>0x6992</load_address>
         <run_address>0x6992</run_address>
         <size>0x180</size>
         <alignment>0x1</alignment>
         <input_file_ref idref="fl-2a"/>
      </object_component>
      <object_component id="oc-f9">
         <name>.debug_info</name>
         <load_address>0x6b12</load_address>
         <run_address>0x6b12</run_address>
         <size>0x1f4b</size>
         <alignment>0x1</alignment>
         <input_file_ref idref="fl-2b"/>
      </object_component>
      <object_component id="oc-11a">
         <name>.debug_info</name>
         <load_address>0x8a5d</load_address>
         <run_address>0x8a5d</run_address>
         <size>0x97</size>
         <alignment>0x1</alignment>
         <input_file_ref idref="fl-2c"/>
      </object_component>
      <object_component id="oc-11e">
         <name>.debug_info</name>
         <load_address>0x8af4</load_address>
         <run_address>0x8af4</run_address>
         <size>0x339</size>
         <alignment>0x1</alignment>
         <input_file_ref idref="fl-2d"/>
      </object_component>
      <object_component id="oc-ae">
         <name>.debug_info</name>
         <load_address>0x8e2d</load_address>
         <run_address>0x8e2d</run_address>
         <size>0xed</size>
         <alignment>0x1</alignment>
         <input_file_ref idref="fl-2e"/>
      </object_component>
      <object_component id="oc-168">
         <name>.debug_info</name>
         <load_address>0x8f1a</load_address>
         <run_address>0x8f1a</run_address>
         <size>0xc2</size>
         <alignment>0x1</alignment>
         <input_file_ref idref="fl-30"/>
      </object_component>
      <object_component id="oc-116">
         <name>.debug_info</name>
         <load_address>0x8fdc</load_address>
         <run_address>0x8fdc</run_address>
         <size>0x9e</size>
         <alignment>0x1</alignment>
         <input_file_ref idref="fl-33"/>
      </object_component>
      <object_component id="oc-10b">
         <name>.debug_info</name>
         <load_address>0x907a</load_address>
         <run_address>0x907a</run_address>
         <size>0xce</size>
         <alignment>0x1</alignment>
         <input_file_ref idref="fl-35"/>
      </object_component>
      <object_component id="oc-15a">
         <name>.debug_info</name>
         <load_address>0x9148</load_address>
         <run_address>0x9148</run_address>
         <size>0xf1</size>
         <alignment>0x1</alignment>
         <input_file_ref idref="fl-37"/>
      </object_component>
      <object_component id="oc-160">
         <name>.debug_info</name>
         <load_address>0x9239</load_address>
         <run_address>0x9239</run_address>
         <size>0x128</size>
         <alignment>0x1</alignment>
[...]
      <symbol id="sm-65">
         <name>SYSCFG_DL_GPIO_init</name>
         <value>0x1f65</value>
         <object_component_ref idref="oc-ce"/>
      </symbol>
      <symbol id="sm-66">
         <name>SYSCFG_DL_SYSCTL_init</name>
         <value>0x2209</value>
         <object_component_ref idref="oc-cf"/>
      </symbol>
      <symbol id="sm-67">
         <name>SYSCFG_DL_I2C_init</name>
         <value>0x1ebd</value>
         <object_component_ref idref="oc-d1"/>
      </symbol>
      <symbol id="sm-68">
         <name>SYSCFG_DL_UART_0_init</name>
         <value>0x1c45</value>
         <object_component_ref idref="oc-d2"/>
      </symbol>
      <symbol id="sm-73">
         <name>Default_Handler</name>
         <value>0x12df</value>
         <object_component_ref idref="oc-33"/>
      </symbol>
      <symbol id="sm-74">
         <name>Reset_Handler</name>
         <value>0x24a1</value>
         <object_component_ref idref="oc-2f"/>
      </symbol>
      <symbol id="sm-75">
         <name>interruptVectors</name>
         <value>0x0</value>
         <object_component_ref idref="oc-18"/>
      </symbol>
      <symbol id="sm-76">
         <name>NMI_Handler</name>
         <value>0x12df</value>
         <object_component_ref idref="oc-33"/>
      </symbol>
      <symbol id="sm-77">
         <name>HardFault_Handler</name>
         <value>0x12df</value>
         <object_component_ref idref="oc-33"/>
      </symbol>
      <symbol id="sm-78">
         <name>SVC_Handler</name>
         <value>0x12df</value>
         <object_component_ref idref="oc-33"/>
      </symbol>
      <symbol id="sm-79">
         <name>PendSV_Handler</name>
         <value>0x12df</value>
         <object_component_ref idref="oc-33"/>
      </symbol>
      <symbol id="sm-7a">
         <name>SysTick_Handler</name>
         <value>0x12df</value>
         <object_component_ref idref="oc-33"/>
      </symbol>
      <symbol id="sm-7b">
         <name>GROUP0_IRQHandler</name>
         <value>0x12df</value>
         <object_component_ref idref="oc-33"/>
      </symbol>
      <symbol id="sm-7c">
         <name>GROUP1_IRQHandler</name>
         <value>0x12df</value>
         <object_component_ref idref="oc-33"/>
      </symbol>
      <symbol id="sm-7d">
         <name>TIMG8_IRQHandler</name>
         <value>0x12df</value>
         <object_component_ref idref="oc-33"/>
      </symbol>
      <symbol id="sm-7e">
         <name>UART3_IRQHandler</name>
         <value>0x12df</value>
         <object_component_ref idref="oc-33"/>
      </symbol>
      <symbol id="sm-7f">
         <name>ADC0_IRQHandler</name>
         <value>0x12df</value>
         <object_component_ref idref="oc-33"/>
      </symbol>
      <symbol id="sm-80">
         <name>ADC1_IRQHandler</name>
         <value>0x12df</value>
         <object_component_ref idref="oc-33"/>
      </symbol>
      <symbol id="sm-81">
         <name>CANFD0_IRQHandler</name>
         <value>0x12df</value>
         <object_component_ref idref="oc-33"/>
      </symbol>
      <symbol id="sm-82">
         <name>DAC0_IRQHandler</name>
         <value>0x12df</value>
         <object_component_ref idref="oc-33"/>
      </symbol>
      <symbol id="sm-83">
         <name>SPI0_IRQHandler</name>
         <value>0x12df</value>
         <object_component_ref idref="oc-33"/>
      </symbol>
      <symbol id="sm-84">
         <name>SPI1_IRQHandler</name>
         <value>0x12df</value>
         <object_component_ref idref="oc-33"/>
      </symbol>
      <symbol id="sm-85">
         <name>UART1_IRQHandler</name>
         <value>0x12df</value>
         <object_component_ref idref="oc-33"/>
      </symbol>
      <symbol id="sm-86">
         <name>UART2_IRQHandler</name>
         <value>0x12df</value>
         <object_component_ref idref="oc-33"/>
      </symbol>
      <symbol id="sm-87">
         <name>UART0_IRQHandler</name>
         <value>0x12df</value>
         <object_component_ref idref="oc-33"/>
      </symbol>
      <symbol id="sm-88">
         <name>TIMG0_IRQHandler</name>
         <value>0x12df</value>
         <object_component_ref idref="oc-33"/>
      </symbol>
      <symbol id="sm-89">
         <name>TIMG6_IRQHandler</name>
         <value>0x12df</value>
         <object_component_ref idref="oc-33"/>
      </symbol>
      <symbol id="sm-8a">
         <name>TIMA0_IRQHandler</name>
         <value>0x12df</value>
         <object_component_ref idref="oc-33"/>
      </symbol>
      <symbol id="sm-8b">
         <name>TIMA1_IRQHandler</name>
         <value>0x12df</value>
         <object_component_ref idref="oc-33"/>
      </symbol>
      <symbol id="sm-8c">
         <name>TIMG7_IRQHandler</name>
         <value>0x12df</value>
         <object_component_ref idref="oc-33"/>
      </symbol>
      <symbol id="sm-8d">
         <name>TIMG12_IRQHandler</name>
         <value>0x12df</value>
         <object_component_ref idref="oc-33"/>
      </symbol>
      <symbol id="sm-8e">
         <name>I2C0_IRQHandler</name>
         <value>0x12df</value>
         <object_component_ref idref="oc-33"/>
      </symbol>
      <symbol id="sm-8f">
         <name>I2C1_IRQHandler</name>
         <value>0x12df</value>
         <object_component_ref idref="oc-33"/>
      </symbol>
      <symbol id="sm-90">
         <name>AES_IRQHandler</name>
         <value>0x12df</value>
         <object_component_ref idref="oc-33"/>
      </symbol>
      <symbol id="sm-91">
         <name>RTC_IRQHandler</name>
         <value>0x12df</value>
         <object_component_ref idref="oc-33"/>
      </symbol>
      <symbol id="sm-92">
         <name>DMA_IRQHandler</name>
         <value>0x12df</value>
         <object_component_ref idref="oc-33"/>
      </symbol>
      <symbol id="sm-93">
         <name>__TI_ATRegion0_src_addr</name>
         <value>0x0</value>
      </symbol>
      <symbol id="sm-94">
         <name>__TI_ATRegion0_trg_addr</name>
         <value>0x0</value>
      </symbol>
      <symbol id="sm-95">
         <name>__TI_ATRegion0_region_sz</name>
         <value>0x0</value>
      </symbol>
      <symbol id="sm-96">
         <name>__TI_ATRegion1_src_addr</name>
         <value>0x0</value>
      </symbol>
      <symbol id="sm-97">
         <name>__TI_ATRegion1_trg_addr</name>
         <value>0x0</value>
      </symbol>
      <symbol id="sm-98">
         <name>__TI_ATRegion1_region_sz</name>
         <value>0x0</value>
      </symbol>
      <symbol id="sm-99">
         <name>__TI_ATRegion2_src_addr</name>
         <value>0x0</value>
      </symbol>
      <symbol id="sm-9a">
         <name>__TI_ATRegion2_trg_addr</name>
         <value>0x0</value>
      </symbol>
      <symbol id="sm-9b">
         <name>__TI_ATRegion2_region_sz</name>
         <value>0x0</value>
      </symbol>
      <symbol id="sm-a4">
         <name>DL_Common_delayCycles</name>
         <value>0x2461</value>
         <object_component_ref idref="oc-82"/>
      </symbol>
      <symbol id="sm-b0">
         <name>DL_I2C_setClockConfig</name>
         <value>0x2315</value>
         <object_component_ref idref="oc-f1"/>
      </symbol>
      <symbol id="sm-b1">
         <name>DL_I2C_fillControllerTXFIFO</name>
         <value>0x1ca5</value>
         <object_component_ref idref="oc-86"/>
      </symbol>
      <symbol id="sm-c1">
         <name>DL_UART_init</name>
         <value>0x2049</value>
         <object_component_ref idref="oc-f4"/>
      </symbol>
      <symbol id="sm-c2">
         <name>DL_UART_setClockConfig</name>
         <value>0x2411</value>
         <object_component_ref idref="oc-f3"/>
      </symbol>
      <symbol id="sm-c3">
         <name>DL_UART_fillTXFIFO</name>
         <value>0x1e69</value>
         <object_component_ref idref="oc-9e"/>
      </symbol>
      <symbol id="sm-d4">
         <name>snprintf</name>
         <value>0x1fb1</value>
         <object_component_ref idref="oc-98"/>
      </symbol>
      <symbol id="sm-df">
         <name>_c_int00_noargs</name>
         <value>0x22ed</value>
         <object_component_ref idref="oc-4f"/>
      </symbol>
      <symbol id="sm-e0">
         <name>__stack</name>
         <value>0x20207e00</value>
         <object_component_ref idref="oc-1a"/>
      </symbol>
      <symbol id="sm-ec">
         <name>__TI_auto_init_nobinit_nopinit</name>
         <value>0x2191</value>
         <object_component_ref idref="oc-b4"/>
      </symbol>
      <symbol id="sm-f4">
         <name>_system_pre_init</name>
         <value>0x24a5</value>
         <object_component_ref idref="oc-5f"/>
      </symbol>
      <symbol id="sm-ff">
         <name>__TI_zero_init_nomemset</name>
         <value>0x23d3</value>
         <object_component_ref idref="oc-46"/>
      </symbol>
      <symbol id="sm-108">
         <name>__TI_decompress_none</name>
         <value>0x2423</value>
         <object_component_ref idref="oc-20"/>
      </symbol>
      <symbol id="sm-113">
         <name>__TI_decompress_lzss</name>
         <value>0x19c5</value>
         <object_component_ref idref="oc-1c"/>
      </symbol>
      <symbol id="sm-15c">
         <name>__TI_printfi</name>
         <value>0xc1</value>
         <object_component_ref idref="oc-fe"/>
      </symbol>
      <symbol id="sm-165">
         <name>wcslen</name>
         <value>0x2435</value>
         <object_component_ref idref="oc-119"/>
      </symbol>
      <symbol id="sm-170">
         <name>__aeabi_errno_addr</name>
         <value>0x2491</value>
         <object_component_ref idref="oc-11d"/>
      </symbol>
      <symbol id="sm-171">
         <name>__aeabi_errno</name>
         <value>0x2020000c</value>
         <object_component_ref idref="oc-143"/>
      </symbol>
      <symbol id="sm-17b">
         <name>abort</name>
         <value>0x24a9</value>
         <object_component_ref idref="oc-ad"/>
      </symbol>
      <symbol id="sm-17c">
         <name>C$$EXIT</name>
         <value>0x24a8</value>
         <object_component_ref idref="oc-ad"/>
      </symbol>
      <symbol id="sm-186">
         <name>__TI_ltoa</name>
         <value>0x1d61</value>
         <object_component_ref idref="oc-165"/>
      </symbol>
      <symbol id="sm-192">
         <name>atoi</name>
         <value>0x2151</value>
         <object_component_ref idref="oc-115"/>
      </symbol>
      <symbol id="sm-19c">
         <name>memccpy</name>
         <value>0x2361</value>
         <object_component_ref idref="oc-10a"/>
      </symbol>
      <symbol id="sm-1a7">
         <name>frexp</name>
         <value>0x1d05</value>
         <object_component_ref idref="oc-159"/>
      </symbol>
      <symbol id="sm-1a8">
         <name>frexpl</name>
         <value>0x1d05</value>
         <object_component_ref idref="oc-159"/>
      </symbol>
      <symbol id="sm-1b2">
         <name>scalbn</name>
         <value>0x172d</value>
         <object_component_ref idref="oc-15d"/>
      </symbol>
      <symbol id="sm-1b3">
         <name>ldexp</name>
         <value>0x172d</value>
         <object_component_ref idref="oc-15d"/>
      </symbol>
      <symbol id="sm-1b4">
         <name>scalbnl</name>
         <value>0x172d</value>
         <object_component_ref idref="oc-15d"/>
      </symbol>
      <symbol id="sm-1b5">
         <name>ldexpl</name>
         <value>0x172d</value>
         <object_component_ref idref="oc-15d"/>
      </symbol>
      <symbol id="sm-1bb">
         <name>__aeabi_ctype_table_</name>
         <value>0x24b0</value>
         <object_component_ref idref="oc-13c"/>
      </symbol>
      <symbol id="sm-1bc">
         <name>__aeabi_ctype_table_C</name>
         <value>0x24b0</value>
         <object_component_ref idref="oc-13c"/>
      </symbol>
      <symbol id="sm-1d4">
         <name>__aeabi_dadd</name>
         <value>0x1157</value>
         <object_component_ref idref="oc-17c"/>
      </symbol>
      <symbol id="sm-1d5">
         <name>__adddf3</name>
         <value>0x1157</value>
         <object_component_ref idref="oc-17c"/>
      </symbol>
      <symbol id="sm-1d6">
         <name>__aeabi_dsub</name>
         <value>0x114d</value>
         <object_component_ref idref="oc-17c"/>
      </symbol>
      <symbol id="sm-1d7">
         <name>__subdf3</name>
         <value>0x114d</value>
         <object_component_ref idref="oc-17c"/>
      </symbol>
      <symbol id="sm-1e0">
         <name>__aeabi_dmul</name>
         <value>0x1649</value>
         <object_component_ref idref="oc-16e"/>
      </symbol>
      <symbol id="sm-1e1">
         <name>__muldf3</name>
         <value>0x1649</value>
         <object_component_ref idref="oc-16e"/>
      </symbol>
      <symbol id="sm-1e7">
         <name>__muldsi3</name>
         <value>0x21cd</value>
         <object_component_ref idref="oc-147"/>
      </symbol>
      <symbol id="sm-1ed">
         <name>__aeabi_fdiv</name>
         <value>0x1941</value>
         <object_component_ref idref="oc-90"/>
      </symbol>
      <symbol id="sm-1ee">
         <name>__divsf3</name>
         <value>0x1941</value>
         <object_component_ref idref="oc-90"/>
      </symbol>
      <symbol id="sm-1f4">
         <name>__aeabi_ddiv</name>
         <value>0x153d</value>
         <object_component_ref idref="oc-177"/>
      </symbol>
      <symbol id="sm-1f5">
         <name>__divdf3</name>
         <value>0x153d</value>
         <object_component_ref idref="oc-177"/>
      </symbol>
      <symbol id="sm-1fb">
         <name>__aeabi_f2d</name>
         <value>0x2111</value>
         <object_component_ref idref="oc-94"/>
      </symbol>
      <symbol id="sm-1fc">
         <name>__extendsfdf2</name>
         <value>0x2111</value>
         <object_component_ref idref="oc-94"/>
      </symbol>
      <symbol id="sm-202">
         <name>__aeabi_d2iz</name>
         <value>0x1ffd</value>
         <object_component_ref idref="oc-161"/>
      </symbol>
      <symbol id="sm-203">
         <name>__fixdfsi</name>
         <value>0x1ffd</value>
         <object_component_ref idref="oc-161"/>
      </symbol>
      <symbol id="sm-209">
         <name>__aeabi_i2d</name>
         <value>0x2299</value>
         <object_component_ref idref="oc-169"/>
      </symbol>
      <symbol id="sm-20a">
         <name>__floatsidf</name>
         <value>0x2299</value>
         <object_component_ref idref="oc-169"/>
      </symbol>
      <symbol id="sm-210">
         <name>__aeabi_ui2f</name>
         <value>0x22c5</value>
         <object_component_ref idref="oc-8c"/>
      </symbol>
      <symbol id="sm-211">
         <name>__floatunsisf</name>
         <value>0x22c5</value>
         <object_component_ref idref="oc-8c"/>
      </symbol>
      <symbol id="sm-217">
         <name>__aeabi_lmul</name>
         <value>0x233d</value>
         <object_component_ref idref="oc-122"/>
      </symbol>
      <symbol id="sm-218">
         <name>__muldi3</name>
         <value>0x233d</value>
         <object_component_ref idref="oc-122"/>
      </symbol>
      <symbol id="sm-21e">
         <name>__aeabi_dcmpeq</name>
         <value>0x1b81</value>
         <object_component_ref idref="oc-12b"/>
      </symbol>
      <symbol id="sm-21f">
         <name>__aeabi_dcmplt</name>
         <value>0x1b95</value>
         <object_component_ref idref="oc-12b"/>
      </symbol>
      <symbol id="sm-220">
         <name>__aeabi_dcmple</name>
         <value>0x1ba9</value>
         <object_component_ref idref="oc-12b"/>
      </symbol>
      <symbol id="sm-221">
         <name>__aeabi_dcmpge</name>
         <value>0x1bbd</value>
         <object_component_ref idref="oc-12b"/>
      </symbol>
      <symbol id="sm-222">
         <name>__aeabi_dcmpgt</name>
         <value>0x1bd1</value>
         <object_component_ref idref="oc-12b"/>
      </symbol>
      <symbol id="sm-228">
         <name>__aeabi_idiv</name>
         <value>0x1e11</value>
         <object_component_ref idref="oc-193"/>
      </symbol>
      <symbol id="sm-229">
         <name>__aeabi_idivmod</name>
         <value>0x1e11</value>
         <object_component_ref idref="oc-193"/>
      </symbol>
      <symbol id="sm-22f">
         <name>__aeabi_memcpy</name>
         <value>0x2499</value>
         <object_component_ref idref="oc-3f"/>
      </symbol>
      <symbol id="sm-230">
         <name>__aeabi_memcpy4</name>
         <value>0x2499</value>
         <object_component_ref idref="oc-3f"/>
      </symbol>
      <symbol id="sm-231">
         <name>__aeabi_memcpy8</name>
         <value>0x2499</value>
         <object_component_ref idref="oc-3f"/>
      </symbol>
      <symbol id="sm-238">
         <name>__aeabi_memset</name>
         <value>0x2445</value>
         <object_component_ref idref="oc-109"/>
      </symbol>
      <symbol id="sm-239">
         <name>__aeabi_memset4</name>
         <value>0x2445</value>
         <object_component_ref idref="oc-109"/>
      </symbol>
      <symbol id="sm-23a">
         <name>__aeabi_memset8</name>
         <value>0x2445</value>
         <object_component_ref idref="oc-109"/>
      </symbol>
      <symbol id="sm-240">
         <name>__aeabi_uidiv</name>
         <value>0x20d1</value>
         <object_component_ref idref="oc-10f"/>
      </symbol>
      <symbol id="sm-241">
         <name>__aeabi_uidivmod</name>
         <value>0x20d1</value>
         <object_component_ref idref="oc-10f"/>
      </symbol>
      <symbol id="sm-247">
         <name>__aeabi_uldivmod</name>
         <value>0x23e9</value>
         <object_component_ref idref="oc-127"/>
      </symbol>
      <symbol id="sm-24d">
         <name>__udivmoddi4</name>
         <value>0x1805</value>
         <object_component_ref idref="oc-14c"/>
      </symbol>
      <symbol id="sm-253">
         <name>__aeabi_llsl</name>
         <value>0x2385</value>
         <object_component_ref idref="oc-185"/>
      </symbol>
      <symbol id="sm-254">
         <name>__ashldi3</name>
         <value>0x2385</value>
         <object_component_ref idref="oc-185"/>
      </symbol>
      <symbol id="sm-262">
         <name>__ledf2</name>
         <value>0x1aad</value>
         <object_component_ref idref="oc-151"/>
      </symbol>
      <symbol id="sm-263">
         <name>__gedf2</name>
         <value>0x1a3d</value>
         <object_component_ref idref="oc-157"/>
      </symbol>
      <symbol id="sm-264">
         <name>__cmpdf2</name>
         <value>0x1aad</value>
         <object_component_ref idref="oc-151"/>
      </symbol>
      <symbol id="sm-265">
         <name>__eqdf2</name>
         <value>0x1aad</value>
         <object_component_ref idref="oc-151"/>
      </symbol>
      <symbol id="sm-266">
         <name>__ltdf2</name>
         <value>0x1aad</value>
         <object_component_ref idref="oc-151"/>
      </symbol>
      <symbol id="sm-267">
         <name>__nedf2</name>
         <value>0x1aad</value>
         <object_component_ref idref="oc-151"/>
      </symbol>
      <symbol id="sm-268">
         <name>__gtdf2</name>
         <value>0x1a3d</value>
         <object_component_ref idref="oc-157"/>
      </symbol>
      <symbol id="sm-274">
         <name>__aeabi_idiv0</name>
         <value>0x19c3</value>
         <object_component_ref idref="oc-136"/>
      </symbol>
      <symbol id="sm-275">
         <name>__aeabi_ldiv0</name>
         <value>0x1b7f</value>
         <object_component_ref idref="oc-184"/>
      </symbol>
      <symbol id="sm-28f">
         <name>memcpy</name>
         <value>0x18a7</value>
         <object_component_ref idref="oc-78"/>
      </symbol>
      <symbol id="sm-29e">
         <name>memset</name>
         <value>0x1be3</value>
         <object_component_ref idref="oc-cc"/>
      </symbol>
      <symbol id="sm-29f">
         <name>__TI_static_base__</name>
         <value>0x0</value>
      </symbol>
      <symbol id="sm-2a3">
         <name>__mpu_init</name>
         <value>0x0</value>
      </symbol>
      <symbol id="sm-2a4">
         <name>_system_post_cinit</name>
         <value>0x0</value>
      </symbol>
   </symbol_table>
   <title>Link successful</title>
</link_info>
