******************************************************************************
            TI ARM Clang Linker Unix v3.2.1                    
******************************************************************************
>> Linked Tue May 20 19:18:33 2025

OUTPUT FILE NAME:   <IOT MSPM0  TSL2591 Sensor Input - UART.out>
ENTRY POINT SYMBOL: "_c_int00_noargs"  address: 000022ed


MEMORY CONFIGURATION

         name            origin    length      used     unused   attr    fill
----------------------  --------  ---------  --------  --------  ----  --------
  FLASH                 00000000   00020000  00002620  0001d9e0  R  X
  SRAM                  20200000   00008000  00000212  00007dee  RW X
  BCR_CONFIG            41c00000   000000ff  00000000  000000ff  R   
  BSL_CONFIG            41c00100   00000080  00000000  00000080  R   


SEGMENT ALLOCATION MAP

run origin  load origin   length   init length attrs members
----------  ----------- ---------- ----------- ----- -------
00000000    00000000    00002620   00002620    r-x
  00000000    00000000    000000c0   000000c0    r-- .intvecs
  000000c0    000000c0    000023f0   000023f0    r-x .text
  000024b0    000024b0    00000140   00000140    r-- .rodata
  000025f0    000025f0    00000030   00000030    r-- .cinit
20200000    20200000    00000012   00000000    rw-
  20200000    20200000    0000000c   00000000    rw- .bss
  2020000c    2020000c    00000006   00000000    rw- .data
20207e00    20207e00    00000200   00000000    rw-
  20207e00    20207e00    00000200   00000000    rw- .stack


SECTION ALLOCATION MAP

 output                                  attributes/
section   page    origin      length       input sections
--------  ----  ----------  ----------   ----------------
.intvecs   0    00000000    000000c0     
                  00000000    000000c0     startup_mspm0g350x_ticlang.o (.intvecs)

.text      0    000000c0    000023f0     
                  000000c0    00000a00     libc.a : _printfi.c.obj (.text:__TI_printfi)
                  00000ac0    00000290     i2c_controller_rw_multibyte_fifo_poll.o (.text.main)
                  00000d50    00000220     libc.a : _printfi.c.obj (.text._pconv_a)
                  00000f70    000001dc            : _printfi.c.obj (.text._pconv_g)
                  0000114c    00000192     libclang_rt.builtins.a : adddf3.S.obj (.text.adddf3_subdf3)
                  000012de    00000002     startup_mspm0g350x_ticlang.o (.text.Default_Handler)
                  000012e0    0000013c     libc.a : _printfi.c.obj (.text.fcvt)
                  0000141c    00000120            : _printfi.c.obj (.text._pconv_e)
                  0000153c    0000010c     libclang_rt.builtins.a : divdf3.S.obj (.text.__divdf3)
                  00001648    000000e4                            : muldf3.S.obj (.text.__muldf3)
                  0000172c    000000d8     libc.a : s_scalbn.c.obj (.text.scalbn)
                  00001804    000000a2     libclang_rt.builtins.a : udivmoddi4.S.obj (.text)
                  000018a6    0000009a     libc.a : memcpy16.S.obj (.text:memcpy)
                  00001940    00000082     libclang_rt.builtins.a : divsf3.S.obj (.text.__divsf3)
                  000019c2    00000002                            : aeabi_div0.c.obj (.text.__aeabi_idiv0)
                  000019c4    00000078     libc.a : copy_decompress_lzss.c.obj (.text:decompress:lzss)
                  00001a3c    00000070     libclang_rt.builtins.a : comparedf2.c.obj (.text.__gedf2)
                  00001aac    0000006c                            : comparedf2.c.obj (.text.__ledf2)
                  00001b18    00000066     libc.a : _printfi.c.obj (.text._mcpy)
                  00001b7e    00000002     libclang_rt.builtins.a : aeabi_div0.c.obj (.text.__aeabi_ldiv0)
                  00001b80    00000062                            : aeabi_dcmp.S.obj (.text.__aeabi_dcmp)
                  00001be2    00000062     libc.a : memset16.S.obj (.text:memset)
                  00001c44    00000060     ti_msp_dl_config.o (.text.SYSCFG_DL_UART_0_init)
                  00001ca4    0000005e     driverlib.a : dl_i2c.o (.text.DL_I2C_fillControllerTXFIFO)
                  00001d02    00000002     --HOLE-- [fill = 0]
                  00001d04    0000005c     libc.a : s_frexp.c.obj (.text.frexp)
                  00001d60    00000058            : _ltoa.c.obj (.text.__TI_ltoa)
                  00001db8    00000058            : _printfi.c.obj (.text._pconv_f)
                  00001e10    00000056     libclang_rt.builtins.a : aeabi_idivmod.S.obj (.text.__aeabi_idivmod)
                  00001e66    00000002     --HOLE-- [fill = 0]
                  00001e68    00000054     driverlib.a : dl_uart.o (.text.DL_UART_fillTXFIFO)
                  00001ebc    00000054     ti_msp_dl_config.o (.text.SYSCFG_DL_I2C_init)
                  00001f10    00000052     libc.a : _printfi.c.obj (.text._ecpy)
                  00001f62    00000002     --HOLE-- [fill = 0]
                  00001f64    0000004c     ti_msp_dl_config.o (.text.SYSCFG_DL_GPIO_init)
                  00001fb0    0000004c     libc.a : snprintf.c.obj (.text.snprintf)
                  00001ffc    0000004a     libclang_rt.builtins.a : fixdfsi.S.obj (.text.__fixdfsi)
                  00002046    00000002     --HOLE-- [fill = 0]
                  00002048    00000048     driverlib.a : dl_uart.o (.text.DL_UART_init)
                  00002090    00000040     ti_msp_dl_config.o (.text.SYSCFG_DL_initPower)
                  000020d0    00000040     libclang_rt.builtins.a : aeabi_uidivmod.S.obj (.text.__aeabi_uidivmod)
                  00002110    00000040                            : extendsfdf2.S.obj (.text.__extendsfdf2)
                  00002150    00000040     libc.a : atoi.c.obj (.text.atoi)
                  00002190    0000003c            : autoinit.c.obj (.text:__TI_auto_init_nobinit_nopinit)
                  000021cc    0000003a     libclang_rt.builtins.a : muldsi3.S.obj (.text.__muldsi3)
                  00002206    00000002     --HOLE-- [fill = 0]
                  00002208    00000030     ti_msp_dl_config.o (.text.SYSCFG_DL_SYSCTL_init)
                  00002238    00000030     libc.a : _printfi.c.obj (.text._fcpy)
                  00002268    00000030            : snprintf.c.obj (.text._outs)
                  00002298    0000002c     libclang_rt.builtins.a : floatsidf.S.obj (.text.__floatsidf)
                  000022c4    00000028                            : floatunsisf.S.obj (.text.__floatunsisf)
                  000022ec    00000028     libc.a : boot_cortex_m.c.obj (.text:_c_int00_noargs)
                  00002314    00000026     driverlib.a : dl_i2c.o (.text.DL_I2C_setClockConfig)
                  0000233a    00000002     --HOLE-- [fill = 0]
                  0000233c    00000024     libclang_rt.builtins.a : muldi3.S.obj (.text.__muldi3)
                  00002360    00000022     libc.a : memccpy.c.obj (.text.memccpy)
                  00002382    00000002     --HOLE-- [fill = 0]
                  00002384    0000001e     libclang_rt.builtins.a : ashldi3.S.obj (.text.__ashldi3)
                  000023a2    00000018     ti_msp_dl_config.o (.text.SYSCFG_DL_init)
                  000023ba    00000018     libc.a : snprintf.c.obj (.text._outc)
                  000023d2    00000016            : copy_zero_init.c.obj (.text:decompress:ZI:__TI_zero_init_nomemset)
                  000023e8    00000014     libclang_rt.builtins.a : aeabi_uldivmod.S.obj (.text.__aeabi_uldivmod)
                  000023fc    00000014     libc.a : _printfi.c.obj (.text.strchr)
                  00002410    00000012     driverlib.a : dl_uart.o (.text.DL_UART_setClockConfig)
                  00002422    00000012     libc.a : copy_decompress_none.c.obj (.text:decompress:none)
                  00002434    00000010            : wcslen.c.obj (.text.wcslen)
                  00002444    0000000e     libclang_rt.builtins.a : aeabi_memset.S.obj (.text.__aeabi_memset)
                  00002452    0000000e     libc.a : _printfi.c.obj (.text.strlen)
                  00002460    0000000a     driverlib.a : dl_common.o (.text.DL_Common_delayCycles)
                  0000246a    0000000a     libc.a : _printfi.c.obj (.text.OUTLINED_FUNCTION_0)
                  00002474    00000010     libclang_rt.builtins.a : adddf3.S.obj (.tramp.__aeabi_dsub.1)
                  00002484    0000000a     libc.a : _printfi.c.obj (.text.OUTLINED_FUNCTION_1)
                  0000248e    00000002     --HOLE-- [fill = 0]
                  00002490    00000008            : aeabi_portable.c.obj (.text.__aeabi_errno_addr)
                  00002498    00000008     libclang_rt.builtins.a : aeabi_memcpy.S.obj (.text.__aeabi_memcpy)
                  000024a0    00000004     startup_mspm0g350x_ticlang.o (.text.Reset_Handler)
                  000024a4    00000004     libc.a : pre_init.c.obj (.text._system_pre_init)
                  000024a8    00000004            : exit.c.obj (.text:abort)
                  000024ac    00000004     --HOLE-- [fill = 0]

.cinit     0    000025f0    00000030     
                  000025f0    0000000c     (__TI_handler_table)
                  000025fc    00000009     (.cinit..data.load) [load image, compression = lzss]
                  00002605    00000003     --HOLE-- [fill = 0]
                  00002608    00000008     (.cinit..bss.load) [load image, compression = zero_init]
                  00002610    00000010     (__TI_cinit_table)

.rodata    0    000024b0    00000140     
                  000024b0    00000101     libc.a : aeabi_ctype.S.obj (.rodata:__aeabi_ctype_table_)
                  000025b1    00000011            : _printfi.c.obj (.rodata.str1.11645776875810915891)
                  000025c2    00000011            : _printfi.c.obj (.rodata.str1.44690500295887128011)
                  000025d3    0000000b     i2c_controller_rw_multibyte_fifo_poll.o (.rodata.str1.22746396042973679491)
                  000025de    0000000a     ti_msp_dl_config.o (.rodata.gUART_0Config)
                  000025e8    00000002     ti_msp_dl_config.o (.rodata.gI2CClockConfig)
                  000025ea    00000002     ti_msp_dl_config.o (.rodata.gUART_0ClockConfig)
                  000025ec    00000004     --HOLE-- [fill = 0]

.init_array 
*          0    00000000    00000000     UNINITIALIZED

.binit     0    00000000    00000000     

.bss       0    20200000    0000000c     UNINITIALIZED
                  20200000    00000004     (.common:int_lux)
                  20200004    00000004     (.common:lux)
                  20200008    00000002     (.common:gRxPacket)
                  2020000a    00000002     (.common:raw)

.data      0    2020000c    00000006     UNINITIALIZED
                  2020000c    00000004     libc.a : aeabi_portable.c.obj (.data.__aeabi_errno)
                  20200010    00000001     i2c_controller_rw_multibyte_fifo_poll.o (.data.cmd)
                  20200011    00000001     i2c_controller_rw_multibyte_fifo_poll.o (.data.on_cmd)

.stack     0    20207e00    00000200     UNINITIALIZED
                  20207e00    00000004     libc.a : boot_cortex_m.c.obj (.stack)
                  20207e04    000001fc     --HOLE--

__llvm_prf_cnts 
*          0    20200000    00000000     UNINITIALIZED

__llvm_prf_bits 
*          0    20200000    00000000     UNINITIALIZED

MODULE SUMMARY

       Module                                    code   ro data   rw data
       ------                                    ----   -------   -------
    ./
       i2c_controller_rw_multibyte_fifo_poll.o   656    11        14     
       ti_msp_dl_config.o                        392    14        0      
       startup_mspm0g350x_ticlang.o              6      192       0      
    +--+-----------------------------------------+------+---------+---------+
       Total:                                    1054   217       14     
                                                                         
    /Applications/ti/ccs1281/ccs/tools/compiler/ti-cgt-armllvm_3.2.1.LTS/lib/armv6m-ti-none-eabi/c/libc.a
       _printfi.c.obj                            4558   34        0      
       aeabi_ctype.S.obj                         0      257       0      
       s_scalbn.c.obj                            216    0         0      
       memcpy16.S.obj                            154    0         0      
       snprintf.c.obj                            148    0         0      
       copy_decompress_lzss.c.obj                120    0         0      
       memset16.S.obj                            98     0         0      
       s_frexp.c.obj                             92     0         0      
       _ltoa.c.obj                               88     0         0      
       atoi.c.obj                                64     0         0      
       autoinit.c.obj                            60     0         0      
       boot_cortex_m.c.obj                       40     0         0      
       memccpy.c.obj                             34     0         0      
       copy_zero_init.c.obj                      22     0         0      
       copy_decompress_none.c.obj                18     0         0      
       wcslen.c.obj                              16     0         0      
       aeabi_portable.c.obj                      8      0         4      
       exit.c.obj                                4      0         0      
       pre_init.c.obj                            4      0         0      
    +--+-----------------------------------------+------+---------+---------+
       Total:                                    5744   291       4      
                                                                         
    /Applications/ti/ccs1281/ccs/tools/compiler/ti-cgt-armllvm_3.2.1.LTS/lib/clang/15.0.7/lib/armv6m-ti-none-eabi/libclang_rt.builtins.a
       adddf3.S.obj                              418    0         0      
       divdf3.S.obj                              268    0         0      
       muldf3.S.obj                              228    0         0      
       comparedf2.c.obj                          220    0         0      
       udivmoddi4.S.obj                          162    0         0      
       divsf3.S.obj                              130    0         0      
       aeabi_dcmp.S.obj                          98     0         0      
       aeabi_idivmod.S.obj                       86     0         0      
       fixdfsi.S.obj                             74     0         0      
       aeabi_uidivmod.S.obj                      64     0         0      
       extendsfdf2.S.obj                         64     0         0      
       muldsi3.S.obj                             58     0         0      
       floatsidf.S.obj                           44     0         0      
       floatunsisf.S.obj                         40     0         0      
       muldi3.S.obj                              36     0         0      
       ashldi3.S.obj                             30     0         0      
       aeabi_uldivmod.S.obj                      20     0         0      
       aeabi_memset.S.obj                        14     0         0      
       aeabi_memcpy.S.obj                        8      0         0      
       aeabi_div0.c.obj                          4      0         0      
    +--+-----------------------------------------+------+---------+---------+
       Total:                                    2066   0         0      
                                                                         
    /Users/tomikuye/ti/mspm0_sdk_2_04_00_06/source/ti/driverlib/lib/ticlang/m0p/mspm0g1x0x_g3x0x/driverlib.a
       dl_uart.o                                 174    0         0      
       dl_i2c.o                                  132    0         0      
       dl_common.o                               10     0         0      
    +--+-----------------------------------------+------+---------+---------+
       Total:                                    316    0         0      
                                                                         
       Stack:                                    0      0         512    
       Linker Generated:                         0      45        0      
    +--+-----------------------------------------+------+---------+---------+
       Grand Total:                              9180   553       530    


LINKER GENERATED COPY TABLES

__TI_cinit_table @ 00002610 records: 2, size/record: 8, table size: 16
	.data: load addr=000025fc, load size=00000009 bytes, run addr=2020000c, run size=00000006 bytes, compression=lzss
	.bss: load addr=00002608, load size=00000008 bytes, run addr=20200000, run size=0000000c bytes, compression=zero_init


LINKER GENERATED HANDLER TABLE

__TI_handler_table @ 000025f0 records: 3, size/record: 4, table size: 12
	index: 0, handler: __TI_decompress_lzss
	index: 1, handler: __TI_decompress_none
	index: 2, handler: __TI_zero_init


FAR CALL TRAMPOLINES

callee name               trampoline name
   callee addr  tramp addr   call addr  call info
--------------  -----------  ---------  ----------------
__aeabi_dsub              $Tramp$TT$L$PI$$__aeabi_dsub
   0000114d     00002474     00002472   libc.a : _printfi.c.obj (.text.OUTLINED_FUNCTION_0)

[1 trampolines]
[1 trampoline calls]


GLOBAL SYMBOLS: SORTED ALPHABETICALLY BY Name 

address   name                          
-------   ----                          
000012df  ADC0_IRQHandler               
000012df  ADC1_IRQHandler               
000012df  AES_IRQHandler                
000024a8  C$$EXIT                       
000012df  CANFD0_IRQHandler             
000012df  DAC0_IRQHandler               
00002461  DL_Common_delayCycles         
00001ca5  DL_I2C_fillControllerTXFIFO   
00002315  DL_I2C_setClockConfig         
00001e69  DL_UART_fillTXFIFO            
00002049  DL_UART_init                  
00002411  DL_UART_setClockConfig        
000012df  DMA_IRQHandler                
000012df  Default_Handler               
000012df  GROUP0_IRQHandler             
000012df  GROUP1_IRQHandler             
000012df  HardFault_Handler             
000012df  I2C0_IRQHandler               
000012df  I2C1_IRQHandler               
000012df  NMI_Handler                   
000012df  PendSV_Handler                
000012df  RTC_IRQHandler                
000024a1  Reset_Handler                 
000012df  SPI0_IRQHandler               
000012df  SPI1_IRQHandler               
000012df  SVC_Handler                   
00001f65  SYSCFG_DL_GPIO_init           
00001ebd  SYSCFG_DL_I2C_init            
00002209  SYSCFG_DL_SYSCTL_init         
00001c45  SYSCFG_DL_UART_0_init         
000023a3  SYSCFG_DL_init                
00002091  SYSCFG_DL_initPower           
000012df  SysTick_Handler               
000012df  TIMA0_IRQHandler              
000012df  TIMA1_IRQHandler              
000012df  TIMG0_IRQHandler              
000012df  TIMG12_IRQHandler             
000012df  TIMG6_IRQHandler              
000012df  TIMG7_IRQHandler              
000012df  TIMG8_IRQHandler              
000012df  UART0_IRQHandler              
000012df  UART1_IRQHandler              
000012df  UART2_IRQHandler              
000012df  UART3_IRQHandler              
20208000  __STACK_END                   
00000200  __STACK_SIZE                  
00000000  __TI_ATRegion0_region_sz      
00000000  __TI_ATRegion0_src_addr       
00000000  __TI_ATRegion0_trg_addr       
00000000  __TI_ATRegion1_region_sz      
00000000  __TI_ATRegion1_src_addr       
00000000  __TI_ATRegion1_trg_addr       
00000000  __TI_ATRegion2_region_sz      
00000000  __TI_ATRegion2_src_addr       
00000000  __TI_ATRegion2_trg_addr       
00002610  __TI_CINIT_Base               
00002620  __TI_CINIT_Limit              
00002620  __TI_CINIT_Warm               
000025f0  __TI_Handler_Table_Base       
000025fc  __TI_Handler_Table_Limit      
00002191  __TI_auto_init_nobinit_nopinit
000019c5  __TI_decompress_lzss          
00002423  __TI_decompress_none          
00001d61  __TI_ltoa                     
ffffffff  __TI_pprof_out_hndl           
000000c1  __TI_printfi                  
ffffffff  __TI_prof_data_size           
ffffffff  __TI_prof_data_start          
00000000  __TI_static_base__            
000023d3  __TI_zero_init_nomemset       
00001157  __adddf3                      
000024b0  __aeabi_ctype_table_          
000024b0  __aeabi_ctype_table_C         
00001ffd  __aeabi_d2iz                  
00001157  __aeabi_dadd                  
00001b81  __aeabi_dcmpeq                
00001bbd  __aeabi_dcmpge                
00001bd1  __aeabi_dcmpgt                
00001ba9  __aeabi_dcmple                
00001b95  __aeabi_dcmplt                
0000153d  __aeabi_ddiv                  
00001649  __aeabi_dmul                  
0000114d  __aeabi_dsub                  
2020000c  __aeabi_errno                 
00002491  __aeabi_errno_addr            
00002111  __aeabi_f2d                   
00001941  __aeabi_fdiv                  
00002299  __aeabi_i2d                   
00001e11  __aeabi_idiv                  
000019c3  __aeabi_idiv0                 
00001e11  __aeabi_idivmod               
00001b7f  __aeabi_ldiv0                 
00002385  __aeabi_llsl                  
0000233d  __aeabi_lmul                  
00002499  __aeabi_memcpy                
00002499  __aeabi_memcpy4               
00002499  __aeabi_memcpy8               
00002445  __aeabi_memset                
00002445  __aeabi_memset4               
00002445  __aeabi_memset8               
000022c5  __aeabi_ui2f                  
000020d1  __aeabi_uidiv                 
000020d1  __aeabi_uidivmod              
000023e9  __aeabi_uldivmod              
00002385  __ashldi3                     
ffffffff  __binit__                     
00001aad  __cmpdf2                      
0000153d  __divdf3                      
00001941  __divsf3                      
00001aad  __eqdf2                       
00002111  __extendsfdf2                 
00001ffd  __fixdfsi                     
00002299  __floatsidf                   
000022c5  __floatunsisf                 
00001a3d  __gedf2                       
00001a3d  __gtdf2                       
00001aad  __ledf2                       
00001aad  __ltdf2                       
UNDEFED   __mpu_init                    
00001649  __muldf3                      
0000233d  __muldi3                      
000021cd  __muldsi3                     
00001aad  __nedf2                       
20207e00  __stack                       
20200000  __start___llvm_prf_bits       
20200000  __start___llvm_prf_cnts       
20200000  __stop___llvm_prf_bits        
20200000  __stop___llvm_prf_cnts        
0000114d  __subdf3                      
00001805  __udivmoddi4                  
000022ed  _c_int00_noargs               
UNDEFED   _system_post_cinit            
000024a5  _system_pre_init              
000024a9  abort                         
00002151  atoi                          
ffffffff  binit                         
20200010  cmd                           
00001d05  frexp                         
00001d05  frexpl                        
20200008  gRxPacket                     
20200000  int_lux                       
00000000  interruptVectors              
0000172d  ldexp                         
0000172d  ldexpl                        
20200004  lux                           
00000ac1  main                          
00002361  memccpy                       
000018a7  memcpy                        
00001be3  memset                        
20200011  on_cmd                        
2020000a  raw                           
0000172d  scalbn                        
0000172d  scalbnl                       
00001fb1  snprintf                      
00002435  wcslen                        


GLOBAL SYMBOLS: SORTED BY Symbol Address 

address   name                          
-------   ----                          
00000000  __TI_ATRegion0_region_sz      
00000000  __TI_ATRegion0_src_addr       
00000000  __TI_ATRegion0_trg_addr       
00000000  __TI_ATRegion1_region_sz      
00000000  __TI_ATRegion1_src_addr       
00000000  __TI_ATRegion1_trg_addr       
00000000  __TI_ATRegion2_region_sz      
00000000  __TI_ATRegion2_src_addr       
00000000  __TI_ATRegion2_trg_addr       
00000000  __TI_static_base__            
00000000  interruptVectors              
000000c1  __TI_printfi                  
00000200  __STACK_SIZE                  
00000ac1  main                          
0000114d  __aeabi_dsub                  
0000114d  __subdf3                      
00001157  __adddf3                      
00001157  __aeabi_dadd                  
000012df  ADC0_IRQHandler               
000012df  ADC1_IRQHandler               
000012df  AES_IRQHandler                
000012df  CANFD0_IRQHandler             
000012df  DAC0_IRQHandler               
000012df  DMA_IRQHandler                
000012df  Default_Handler               
000012df  GROUP0_IRQHandler             
000012df  GROUP1_IRQHandler             
000012df  HardFault_Handler             
000012df  I2C0_IRQHandler               
000012df  I2C1_IRQHandler               
000012df  NMI_Handler                   
000012df  PendSV_Handler                
000012df  RTC_IRQHandler                
000012df  SPI0_IRQHandler               
000012df  SPI1_IRQHandler               
000012df  SVC_Handler                   
000012df  SysTick_Handler               
000012df  TIMA0_IRQHandler              
000012df  TIMA1_IRQHandler              
000012df  TIMG0_IRQHandler              
000012df  TIMG12_IRQHandler             
000012df  TIMG6_IRQHandler              
000012df  TIMG7_IRQHandler              
000012df  TIMG8_IRQHandler              
000012df  UART0_IRQHandler              
000012df  UART1_IRQHandler              
000012df  UART2_IRQHandler              
000012df  UART3_IRQHandler              
0000153d  __aeabi_ddiv                  
0000153d  __divdf3                      
00001649  __aeabi_dmul                  
00001649  __muldf3                      
0000172d  ldexp                         
0000172d  ldexpl                        
0000172d  scalbn                        
0000172d  scalbnl                       
00001805  __udivmoddi4                  
000018a7  memcpy                        
00001941  __aeabi_fdiv                  
00001941  __divsf3                      
000019c3  __aeabi_idiv0                 
000019c5  __TI_decompress_lzss          
00001a3d  __gedf2                       
00001a3d  __gtdf2                       
00001aad  __cmpdf2                      
00001aad  __eqdf2                       
00001aad  __ledf2                       
00001aad  __ltdf2                       
00001aad  __nedf2                       
00001b7f  __aeabi_ldiv0                 
00001b81  __aeabi_dcmpeq                
00001b95  __aeabi_dcmplt                
00001ba9  __aeabi_dcmple                
00001bbd  __aeabi_dcmpge                
00001bd1  __aeabi_dcmpgt                
00001be3  memset                        
00001c45  SYSCFG_DL_UART_0_init         
00001ca5  DL_I2C_fillControllerTXFIFO   
00001d05  frexp                         
00001d05  frexpl                        
00001d61  __TI_ltoa                     
00001e11  __aeabi_idiv                  
00001e11  __aeabi_idivmod               
00001e69  DL_UART_fillTXFIFO            
00001ebd  SYSCFG_DL_I2C_init            
00001f65  SYSCFG_DL_GPIO_init           
00001fb1  snprintf                      
00001ffd  __aeabi_d2iz                  
00001ffd  __fixdfsi                     
00002049  DL_UART_init                  
00002091  SYSCFG_DL_initPower           
000020d1  __aeabi_uidiv                 
000020d1  __aeabi_uidivmod              
00002111  __aeabi_f2d                   
00002111  __extendsfdf2                 
00002151  atoi                          
00002191  __TI_auto_init_nobinit_nopinit
000021cd  __muldsi3                     
00002209  SYSCFG_DL_SYSCTL_init         
00002299  __aeabi_i2d                   
00002299  __floatsidf                   
000022c5  __aeabi_ui2f                  
000022c5  __floatunsisf                 
000022ed  _c_int00_noargs               
00002315  DL_I2C_setClockConfig         
0000233d  __aeabi_lmul                  
0000233d  __muldi3                      
00002361  memccpy                       
00002385  __aeabi_llsl                  
00002385  __ashldi3                     
000023a3  SYSCFG_DL_init                
000023d3  __TI_zero_init_nomemset       
000023e9  __aeabi_uldivmod              
00002411  DL_UART_setClockConfig        
00002423  __TI_decompress_none          
00002435  wcslen                        
00002445  __aeabi_memset                
00002445  __aeabi_memset4               
00002445  __aeabi_memset8               
00002461  DL_Common_delayCycles         
00002491  __aeabi_errno_addr            
00002499  __aeabi_memcpy                
00002499  __aeabi_memcpy4               
00002499  __aeabi_memcpy8               
000024a1  Reset_Handler                 
000024a5  _system_pre_init              
000024a8  C$$EXIT                       
000024a9  abort                         
000024b0  __aeabi_ctype_table_          
000024b0  __aeabi_ctype_table_C         
000025f0  __TI_Handler_Table_Base       
000025fc  __TI_Handler_Table_Limit      
00002610  __TI_CINIT_Base               
00002620  __TI_CINIT_Limit              
00002620  __TI_CINIT_Warm               
20200000  __start___llvm_prf_bits       
20200000  __start___llvm_prf_cnts       
20200000  __stop___llvm_prf_bits        
20200000  __stop___llvm_prf_cnts        
20200000  int_lux                       
20200004  lux                           
20200008  gRxPacket                     
2020000a  raw                           
2020000c  __aeabi_errno                 
20200010  cmd                           
20200011  on_cmd                        
20207e00  __stack                       
20208000  __STACK_END                   
ffffffff  __TI_pprof_out_hndl           
ffffffff  __TI_prof_data_size           
ffffffff  __TI_prof_data_start          
ffffffff  __binit__                     
ffffffff  binit                         
UNDEFED   __mpu_init                    
UNDEFED   _system_post_cinit            

[155 symbols]
